System Information
------------------

Raspberry Pi 5 Model B Rev 1.0
PRETTY_NAME="Debian GNU/Linux 13 (trixie)"
NAME="Debian GNU/Linux"
VERSION_ID="13"
VERSION="13 (trixie)"

Raspberry Pi reference 2025-11-24
Generated using pi-gen, https://github.com/RPi-Distro/pi-gen, 6e49e5317491c159c114681ddb4ac0623d855611, stage4

Linux raspberrypi 6.12.62+rpt-rpi-2712 #1 SMP PREEMPT Debian 1:6.12.62-1+rpt1 (2025-12-18) aarch64 GNU/Linux
Revision	: d04170
Serial		: 5153a5537c1bd060
Model		: Raspberry Pi 5 Model B Rev 1.0
Throttled flag  : throttled=0x0
Camera Information
------------------

Camera          : vc_gencmd_read_response returned -1 error=1 error_msg="Command not registered"

Videocore information
---------------------

2025/12/08 19:29:54 
Copyright (c) 2012 Broadcom
version 2226a853 (release) (embedded)

vc_gencmd_read_response returned -1
error=1 error_msg="Command not registered"

Filesystem information
----------------------
Filesystem     1K-blocks     Used Available Use% Mounted on
udev             4083360        0   4083360   0% /dev
tmpfs            1650480     5920   1644560   1% /run
/dev/nvme0n1p2 245601376 53521792 182029540  23% /
tmpfs            4126176      608   4125568   1% /dev/shm
tmpfs               5120       48      5072   1% /run/lock
/dev/nvme0n1p1    522230    79290    442940  16% /boot/firmware
tmpfs            4126176       32   4126144   1% /tmp
tmpfs               1024        0      1024   0% /run/credentials/getty@tty1.service
tmpfs               1024        0      1024   0% /run/credentials/serial-getty@ttyAMA10.service
tmpfs             825232      320    824912   1% /run/user/1000

Filename				Type		Size		Used		Priority
/dev/zram0                              partition	2097136		0		100

Package version information
---------------------------
raspberrypi-ui-mods:
  Installed: (none)
raspberrypi-sys-mods:
  Installed: 1:20251028+1
openbox:
  Installed: 3.6.1-12+rpt1
lxpanel:
  Installed: (none)
pcmanfm:
  Installed: 1.4.0-1+rpt8
rpd-plym-splash:
  Installed: 0.46

Networking Information
----------------------

eth0: flags=4163<UP,BROADCAST,RUNNING,MULTICAST>  mtu 1500
        inet x.x.x.x  netmask x.x.x.x  broadcast x.x.x.x
        ether m.m.m.m  txqueuelen 1000  (Ethernet)
        RX packets 433  bytes 282319 (275.7 KiB)
        RX errors 0  dropped 0  overruns 0  frame 0
        TX packets 399  bytes 117188 (114.4 KiB)
        TX errors 0  dropped 0 overruns 0  carrier 0  collisions 0
        device interrupt 112  

lo: flags=73<UP,LOOPBACK,RUNNING>  mtu 65536
        inet x.x.x.x  netmask x.x.x.x
        loop  txqueuelen 1000  (Local Loopback)
        RX packets 64  bytes 3200 (3.1 KiB)
        RX errors 0  dropped 0  overruns 0  frame 0
        TX packets 64  bytes 3200 (3.1 KiB)
        TX errors 0  dropped 0 overruns 0  carrier 0  collisions 0


USB Information
---------------

/:  Bus 001.Port 001: Dev 001, Class=root_hub, Driver=xhci-hcd/2p, 480M
/:  Bus 002.Port 001: Dev 001, Class=root_hub, Driver=xhci-hcd/1p, 5000M
/:  Bus 003.Port 001: Dev 001, Class=root_hub, Driver=xhci-hcd/2p, 480M
    |__ Port 002: Dev 002, If 0, Class=Human Interface Device, Driver=usbhid, 12M
    |__ Port 002: Dev 002, If 1, Class=Human Interface Device, Driver=usbhid, 12M
/:  Bus 004.Port 001: Dev 001, Class=root_hub, Driver=xhci-hcd/1p, 5000M

Display Information
-------------------

Using labwc with kms
Connector 0 (33) HDMI-A-1 (connected)
  Encoder 0 (32) TMDS
    Crtc 2 (92) 1440x900@59.90 88.750 1440/48/32/80/+ 900/3/6/17/- 60 (59.90) D 
      Plane 2 (81) fb-id: 679 (crtcs: 2) 0,0 1440x900 -> 0,0 1440x900 (XR24 AR24 AB24 XB24 RG16 BG16 AR15 XR15 RG24 BG24 YU16 YV16 YU24 YV24 YU12 YV12 NV12 NV21 NV16 NV61 P030 XR30 AR30 AB30 XB30 RGB8 BGR8 XR12 AR12 XB12 AB12 BX12 BA12 RX12 RA12 P010 P012 P016 S010 S012 S016)
        FB 679 1440x900 XR24
      Plane 54 (655) fb-id: 685 (crtcs: 2) 0,0 64x64 -> 754,438 64x64 (XR24 AR24 AB24 XB24 RG16 BG16 AR15 XR15 RG24 BG24 YU16 YV16 YU24 YV24 YU12 YV12 NV12 NV21 NV16 NV61 P030 XR30 AR30 AB30 XB30 RGB8 BGR8 XR12 AR12 XB12 AB12 BX12 BA12 RX12 RA12 P010 P012 P016 S010 S012 S016)
        FB 685 64x64 AR24
Connector 1 (42) HDMI-A-2 (disconnected)
  Encoder 1 (41) TMDS

Connector 0 (33) HDMI-A-1 (connected)
   0 1920x1080@60.00  148.500 1920/88/44/148/+   1080/4/5/36/+      60 (60.00) P|D   
   1 1920x1080@60.00  148.500 1920/88/44/148/+   1080/4/5/36/+      60 (60.00) D     16:9
   2 1920x1080@59.94  148.352 1920/88/44/148/+   1080/4/5/36/+      60 (59.94) D     16:9
   3 1920x1080i@60.00  74.250 1920/88/44/148/+   1080/4/10/31/+     60 (60.00) D     16:9
   4 1920x1080i@59.94  74.176 1920/88/44/148/+   1080/4/10/31/+     60 (59.94) D     16:9
   5 1920x1080@50.00  148.500 1920/528/44/148/+  1080/4/5/36/+      50 (50.00) D     16:9
   6 1920x1080i@50.00  74.250 1920/528/44/148/+  1080/4/10/31/+     50 (50.00) D     16:9
   7 1680x1050@59.88  119.000 1680/48/32/80/+    1050/3/6/21/-      60 (59.88) D     
   8 1280x1024@75.02  135.000 1280/16/144/248/+  1024/1/3/38/+      75 (75.02) D     
   9 1280x1024@60.02  108.000 1280/48/112/248/+  1024/1/3/38/+      60 (60.02) D     
  10 1440x900@74.98   136.750 1440/96/152/248/-  900/3/6/33/+       75 (74.98) D     
  11 1440x900@59.90    88.750 1440/48/32/80/+    900/3/6/17/-       60 (59.90) D     
  12 1280x720@60.00    74.250 1280/110/40/220/+  720/5/5/20/+       60 (60.00) D     
  13 1280x720@60.00    74.250 1280/110/40/220/+  720/5/5/20/+       60 (60.00) D     16:9
  14 1280x720@59.94    74.176 1280/110/40/220/+  720/5/5/20/+       60 (59.94) D     16:9
  15 1280x720@50.00    74.250 1280/440/40/220/+  720/5/5/20/+       50 (50.00) D     16:9
  16 1024x768@75.03    78.750 1024/16/96/176/+   768/1/3/28/+       75 (75.03) D     
  17 1024x768@60.00    65.000 1024/24/136/160/-  768/3/6/29/-       60 (60.00) D     
  18 800x600@75.00     49.500 800/16/80/160/+    600/1/3/21/+       75 (75.00) D     
  19 800x600@60.32     40.000 800/40/128/88/+    600/1/4/23/+       60 (60.32) D     
  20 720x576@50.00     27.000 720/12/64/68/-     576/5/5/39/-       50 (50.00) D     
  21 720x576@50.00     27.000 720/12/64/68/-     576/5/5/39/-       50 (50.00) D     4:3
  22 720x576@50.00     27.000 720/12/64/68/-     576/5/5/39/-       50 (50.00) D     16:9
  23 720x576i@50.00    13.500 720/12/63/69/-     576/4/6/39/-       50 (50.00) D     2x|4:3
  24 720x576i@50.00    13.500 720/12/63/69/-     576/4/6/39/-       50 (50.00) D     2x|16:9
  25 720x480@60.00     27.027 720/16/62/60/-     480/9/6/30/-       60 (60.00) D     4:3
  26 720x480@60.00     27.027 720/16/62/60/-     480/9/6/30/-       60 (60.00) D     16:9
  27 720x480@59.94     27.000 720/16/62/60/-     480/9/6/30/-       60 (59.94) D     
  28 720x480@59.94     27.000 720/16/62/60/-     480/9/6/30/-       60 (59.94) D     4:3
  29 720x480@59.94     27.000 720/16/62/60/-     480/9/6/30/-       60 (59.94) D     16:9
  30 720x480i@60.00    13.514 720/19/62/57/-     480/8/6/31/-       60 (60.00) D     2x|4:3
  31 720x480i@60.00    13.514 720/19/62/57/-     480/8/6/31/-       60 (60.00) D     2x|16:9
  32 720x480i@59.94    13.500 720/19/62/57/-     480/8/6/31/-       60 (59.94) D     2x|4:3
  33 720x480i@59.94    13.500 720/19/62/57/-     480/8/6/31/-       60 (59.94) D     2x|16:9
  34 640x480@75.00     31.500 640/16/64/120/-    480/1/3/16/-       75 (75.00) D     
  35 640x480@72.81     31.500 640/24/40/128/-    480/9/3/28/-       73 (72.81) D     
  36 640x480@66.67     30.240 640/64/64/96/-     480/3/3/39/-       67 (66.67) D     
  37 640x480@60.00     25.200 640/16/96/48/-     480/10/2/33/-      60 (60.00) D     4:3
  38 640x480@59.94     25.175 640/16/96/48/-     480/10/2/33/-      60 (59.94) D     
  39 640x480@59.94     25.175 640/16/96/48/-     480/10/2/33/-      60 (59.94) D     4:3
  40 720x400@70.08     28.320 720/18/108/54/-    400/12/2/35/+      70 (70.08) D     

Connector 0 (33) HDMI-A-1 (connected)
    EDID (1) = blob-id 678 len 256 (immutable)
    DPMS (2) = 0 (On) [On=0|Standby=1|Suspend=2|Off=3]
    TILE (4) = blob-id 0 (immutable)
    link-status (5) = 0 (Good) [Good=0|Bad=1]
    non-desktop (6) = 0 [0 - 1] (immutable)
    HDR_OUTPUT_METADATA (7) = blob-id 0
    CRTC_ID (20) = object id 92
    max bpc (34) = 8 [8 - 12]
    left margin (35) = 0 [0 - 100]
    right margin (36) = 0 [0 - 100]
    top margin (37) = 0 [0 - 100]
    bottom margin (38) = 0 [0 - 100]
    Colorspace (39) = 0 (Default) [Default=0|SMPTE_170M_YCC=1|BT709_YCC=2|XVYCC_601=3|XVYCC_709=4|SYCC_601=5|opYCC_601=6|opRGB=7|BT2020_CYCC=8|BT2020_RGB=9|BT2020_YCC=10|DCI-P3_RGB_D65=11|DCI-P3_RGB_Theater=12]
    Broadcast RGB (40) = 0 (Automatic) [Automatic=0|Full=1|Limited 16:235=2]
  Encoder 0 (32) TMDS
    Crtc 2 (92) 1440x900@59.90 88.750 1440/48/32/80/+ 900/3/6/17/- 60 (59.90) D 
        OUT_FENCE_PTR (19) = 0 [0 - 18446744073709551615]
        ACTIVE (22) = 1 [0 - 1]
        MODE_ID (23) = blob-id 684 len 68
        VRR_ENABLED (24) = 0 [0 - 1]
      Plane 2 (81) fb-id: 683 (crtcs: 2) 0,0 1440x900 -> 0,0 1440x900 (XR24 AR24 AB24 XB24 RG16 BG16 AR15 XR15 RG24 BG24 YU16 YV16 YU24 YV24 YU12 YV12 NV12 NV21 NV16 NV61 P030 XR30 AR30 AB30 XB30 RGB8 BGR8 XR12 AR12 XB12 AB12 BX12 BA12 RX12 RA12 P010 P012 P016 S010 S012 S016)
          type (8) = 1 (Primary) [Overlay=0|Primary=1|Cursor=2] (immutable)
          SRC_X (9) = 0 [0 - 4294967295]
          SRC_Y (10) = 0 [0 - 4294967295]
          SRC_W (11) = 94371840 [0 - 4294967295]
          SRC_H (12) = 58982400 [0 - 4294967295]
          CRTC_X (13) = 0 [-2147483648 - 2147483647]
          CRTC_Y (14) = 0 [-2147483648 - 2147483647]
          CRTC_W (15) = 1440 [0 - 2147483647]
          CRTC_H (16) = 900 [0 - 2147483647]
          FB_ID (17) = object id 683
          IN_FENCE_FD (18) = -1 [-1 - 2147483647]
          CRTC_ID (20) = object id 92
          IN_FORMATS (30) = blob-id 82 len 312 (immutable)
          alpha (83) = 65535 [0 - 65535]
          pixel blend mode (84) = 0 (Pre-multiplied) [Pre-multiplied=0|Coverage=1|None=2]
          rotation (85) = 0x1 (rotate-0) [rotate-0=0x1|rotate-180=0x4|reflect-x=0x10|reflect-y=0x20]
          COLOR_ENCODING (86) = 0 (ITU-R BT.601 YCbCr) [ITU-R BT.601 YCbCr=0|ITU-R BT.709 YCbCr=1|ITU-R BT.2020 YCbCr=2]
          COLOR_RANGE (87) = 0 (YCbCr limited range) [YCbCr limited range=0|YCbCr full range=1]
          SCALING_FILTER (88) = 0 (Default) [Default=0|Nearest Neighbor=1]
          CHROMA_SITING_H (89) = 0 [0 - 65536]
          CHROMA_SITING_V (90) = 0 [0 - 65536]
          zpos (91) = 0 [0 - 0] (immutable)
        FB 683 1440x900 XR24
      Plane 54 (655) fb-id: 685 (crtcs: 2) 0,0 64x64 -> 754,438 64x64 (XR24 AR24 AB24 XB24 RG16 BG16 AR15 XR15 RG24 BG24 YU16 YV16 YU24 YV24 YU12 YV12 NV12 NV21 NV16 NV61 P030 XR30 AR30 AB30 XB30 RGB8 BGR8 XR12 AR12 XB12 AB12 BX12 BA12 RX12 RA12 P010 P012 P016 S010 S012 S016)
          type (8) = 2 (Cursor) [Overlay=0|Primary=1|Cursor=2] (immutable)
          SRC_X (9) = 0 [0 - 4294967295]
          SRC_Y (10) = 0 [0 - 4294967295]
          SRC_W (11) = 4194304 [0 - 4294967295]
          SRC_H (12) = 4194304 [0 - 4294967295]
          CRTC_X (13) = 754 [-2147483648 - 2147483647]
          CRTC_Y (14) = 438 [-2147483648 - 2147483647]
          CRTC_W (15) = 64 [0 - 2147483647]
          CRTC_H (16) = 64 [0 - 2147483647]
          FB_ID (17) = object id 685
          IN_FENCE_FD (18) = -1 [-1 - 2147483647]
          CRTC_ID (20) = object id 92
          IN_FORMATS (30) = blob-id 656 len 312 (immutable)
          alpha (657) = 65535 [0 - 65535]
          pixel blend mode (658) = 0 (Pre-multiplied) [Pre-multiplied=0|Coverage=1|None=2]
          rotation (659) = 0x1 (rotate-0) [rotate-0=0x1|rotate-180=0x4|reflect-x=0x10|reflect-y=0x20]
          COLOR_ENCODING (660) = 1 (ITU-R BT.709 YCbCr) [ITU-R BT.601 YCbCr=0|ITU-R BT.709 YCbCr=1|ITU-R BT.2020 YCbCr=2]
          COLOR_RANGE (661) = 0 (YCbCr limited range) [YCbCr limited range=0|YCbCr full range=1]
          SCALING_FILTER (662) = 0 (Default) [Default=0|Nearest Neighbor=1]
          CHROMA_SITING_H (663) = 0 [0 - 65536]
          CHROMA_SITING_V (664) = 0 [0 - 65536]
          zpos (665) = 17 [1 - 17]
        FB 685 64x64 AR24
Connector 1 (42) HDMI-A-2 (disconnected)
    EDID (1) = blob-id 0 (immutable)
    DPMS (2) = 0 (On) [On=0|Standby=1|Suspend=2|Off=3]
    TILE (4) = blob-id 0 (immutable)
    link-status (5) = 0 (Good) [Good=0|Bad=1]
    non-desktop (6) = 0 [0 - 1] (immutable)
    HDR_OUTPUT_METADATA (7) = blob-id 0
    CRTC_ID (20) = object id 0
    left margin (35) = 0 [0 - 100]
    right margin (36) = 0 [0 - 100]
    top margin (37) = 0 [0 - 100]
    bottom margin (38) = 0 [0 - 100]
    max bpc (43) = 8 [8 - 12]
    Colorspace (44) = 0 (Default) [Default=0|SMPTE_170M_YCC=1|BT709_YCC=2|XVYCC_601=3|XVYCC_709=4|SYCC_601=5|opYCC_601=6|opRGB=7|BT2020_CYCC=8|BT2020_RGB=9|BT2020_YCC=10|DCI-P3_RGB_D65=11|DCI-P3_RGB_Theater=12]
    Broadcast RGB (45) = 0 (Automatic) [Automatic=0|Full=1|Limited 16:235=2]
  Encoder 1 (41) TMDS

/sys/class/drm/card1-HDMI-A-1
AP///////wBBDM/APgQAACoZAQOAMBt4Kjk1ollSoScMUFS9SwDRwJUAlQ+zAIHAgYABAQEBAjqA
GHE4LUBYLEUA3QwRAAAeAAAA/wBaVkMxNTQyMDAxMDg2AAAA/ABQSEwgMjIzVjUKICAgAAAA/QA4
TB5TEQAKICAgICAgASQCAyLxTwECAwUGBxAREhMUFRYfBCMJFweDAQAAZQMMABAAAjqAGHE4LUBY
LEUA3QwRAAAejArQiiDgLRAQPpYA3QwRAAAYAR0AclHQHiBuKFUA3QwRAAAejArQkCBAMSAMQFUA
3QwRAAAYAAAAAAAAAAAAAAAAAAAAAAAAAAAATQ==

/sys/class/drm/card1-HDMI-A-2

/sys/class/drm/card1-Writeback-1

/sys/class/drm/card1-Writeback-2

HDMI0:             HDMI_HOTPLUG = 0x00000001
HDMI1:             HDMI_HOTPLUG = 0x00000000


Audio Information
-------------------

**** List of PLAYBACK Hardware Devices ****
card 0: vc4hdmi0 [vc4-hdmi-0], device 0: MAI PCM i2s-hifi-0 [MAI PCM i2s-hifi-0]
  Subdevices: 1/1
  Subdevice #0: subdevice #0
card 1: vc4hdmi1 [vc4-hdmi-1], device 0: MAI PCM i2s-hifi-0 [MAI PCM i2s-hifi-0]
  Subdevices: 1/1
  Subdevice #0: subdevice #0

null
    Discard all samples (playback) or generate zero samples (capture)
default
    Default Audio Device
sysdefault
    Default Audio Device
hw:CARD=vc4hdmi0,DEV=0
    vc4-hdmi-0, MAI PCM i2s-hifi-0
    Direct hardware device without any conversions
plughw:CARD=vc4hdmi0,DEV=0
    vc4-hdmi-0, MAI PCM i2s-hifi-0
    Hardware device with all software conversions
default:CARD=vc4hdmi0
    vc4-hdmi-0, MAI PCM i2s-hifi-0
    Default Audio Device
sysdefault:CARD=vc4hdmi0
    vc4-hdmi-0, MAI PCM i2s-hifi-0
    Default Audio Device
hdmi:CARD=vc4hdmi0,DEV=0
    vc4-hdmi-0, MAI PCM i2s-hifi-0
    HDMI Audio Output
dmix:CARD=vc4hdmi0,DEV=0
    vc4-hdmi-0, MAI PCM i2s-hifi-0
    Direct sample mixing device
hw:CARD=vc4hdmi1,DEV=0
    vc4-hdmi-1, MAI PCM i2s-hifi-0
    Direct hardware device without any conversions
plughw:CARD=vc4hdmi1,DEV=0
    vc4-hdmi-1, MAI PCM i2s-hifi-0
    Hardware device with all software conversions
default:CARD=vc4hdmi1
    vc4-hdmi-1, MAI PCM i2s-hifi-0
    Default Audio Device
sysdefault:CARD=vc4hdmi1
    vc4-hdmi-1, MAI PCM i2s-hifi-0
    Default Audio Device
hdmi:CARD=vc4hdmi1,DEV=0
    vc4-hdmi-1, MAI PCM i2s-hifi-0
    HDMI Audio Output
dmix:CARD=vc4hdmi1,DEV=0
    vc4-hdmi-1, MAI PCM i2s-hifi-0
    Direct sample mixing device


pactl not installed

config.txt
----------

arm_64bit=1
arm_boost=1
arm_freq=2400
arm_freq_min=1500
arm_peri_high=1
audio_pwm_mode=2
auto_initramfs=1
avs_temp=33433
camera_auto_detect=1
core_freq=910
core_freq_min=500
disable_commandline_tags=2
disable_fw_kms_setup=1
disable_l2cache=1
disable_overscan=1
display_auto_detect=1
display_default_lcd=-1
display_hdmi_rotate=-1
display_lcd_rotate=-1
dvfs=4
enable_gic=1
force_eeprom_read=1
force_ethernet_phy_address=-1
force_pwm_open=1
framebuffer_depth=16
framebuffer_ignore_alpha=1
framebuffer_swap=1
gpu_freq_min=500
hdmi_enable_4kp60=1
hevc_freq=910
hevc_freq_min=500
ignore_lcd=-1
init_uart_clock=0x2dc6c00
initial_turbo=60
isp_freq=910
isp_freq_min=500
mask_gpu_interrupt1=16418
max_framebuffers=2
over_voltage_avs=0x34198
pause_burst_frames=1
pciex4_reset=1
pmic_turbo_threshold=600
program_serial_random=1
total_mem=8192
usb_max_current_enable=1
v3d_freq=960
v3d_freq_min=500
vpred=9734
vpred_max=9734
hdmi_force_cec_address:0=65535
hdmi_force_cec_address:1=65535
device_tree=-
overlay_prefix=overlays/
hdmi_cvt:0=
hdmi_cvt:1=
hdmi_edid_filename:0=
hdmi_edid_filename:1=
hdmi_timings:0=
hdmi_timings:1=

cmdline.txt
-----------
reboot=w coherent_pool=1M 8250.nr_uarts=1 pci=pcie_bus_safe cgroup_disable=memory numa_policy=interleave nvme.max_host_mem_size_mb=0  numa=fake=8 system_heap.max_order=0 iommu_dma_numa_policy=interleave smsc95xx.macaddr=D8:3A:DD:D7:B4:2D vc_mem.mem_base=0x3fc00000 vc_mem.mem_size=0x40000000  console=ttyAMA10,115200 console=tty1 root=PARTUUID=28bb9ceb-02 rootfstype=ext4 fsck.repair=yes rootwait cfg80211.ieee80211_regdom=GR usbhid.mousepoll=10

pin configuration
-----------------

 0: ip    pu | hi // ID_SDA/GPIO0 = input
 1: ip    pu | hi // ID_SCL/GPIO1 = input
 2: no    pu | -- // GPIO2 = none
 3: no    pu | -- // GPIO3 = none
 4: no    pu | -- // GPIO4 = none
 5: no    pu | -- // GPIO5 = none
 6: no    pu | -- // GPIO6 = none
 7: no    pu | -- // GPIO7 = none
 8: no    pu | -- // GPIO8 = none
 9: no    pd | -- // GPIO9 = none
10: no    pd | -- // GPIO10 = none
11: no    pd | -- // GPIO11 = none
12: no    pd | -- // GPIO12 = none
13: no    pd | -- // GPIO13 = none
14: no    pd | -- // GPIO14 = none
15: no    pd | -- // GPIO15 = none
16: no    pd | -- // GPIO16 = none
17: no    pd | -- // GPIO17 = none
18: no    pd | -- // GPIO18 = none
19: no    pd | -- // GPIO19 = none
20: no    pd | -- // GPIO20 = none
21: no    pd | -- // GPIO21 = none
22: no    pd | -- // GPIO22 = none
23: no    pd | -- // GPIO23 = none
24: no    pd | -- // GPIO24 = none
25: no    pd | -- // GPIO25 = none
26: no    pd | -- // GPIO26 = none
27: no    pd | -- // GPIO27 = none
28: op dh pd | hi // PCIE_RP1_WAKE/GPIO28 = output
29: no    pu | lo // FAN_TACH/GPIO29 = none
30: no    pu | -- // HOST_SDA/GPIO30 = none
31: no    pu | -- // HOST_SCL/GPIO31 = none
32: op dh pd | hi // ETH_RST_N/GPIO32 = output
33: no    pd | lo // GPIO33 = none
34: op dl pd | lo // CD0_IO0_MICCLK/GPIO34 = output
35: no    pd | lo // CD0_IO0_MICDAT0/GPIO35 = none
36: no    pd | lo // RP1_PCIE_CLKREQ_N/GPIO36 = none
37: no    pd | lo // GPIO37 = none
38: ip    pd | hi // CD0_SDA/GPIO38 = input
39: ip    pd | hi // CD0_SCL/GPIO39 = input
40: ip    pd | hi // CD1_SDA/GPIO40 = input
41: ip    pd | hi // CD1_SCL/GPIO41 = input
42: a2    pd | hi // USB_VBUS_EN/GPIO42 = VBUS_EN1
43: a2    pu | hi // USB_OC_N/GPIO43 = VBUS_OC1
44: op dh pd | hi // RP1_STAT_LED/GPIO44 = output
45: a0    pd | hi // FAN_PWM/GPIO45 = PWM1_CHAN3
46: op dl pd | lo // CD1_IO0_MICCLK/GPIO46 = output
47: no    pd | lo // 2712_WAKE/GPIO47 = none
48: no    pd | lo // CD1_IO1_MICDAT1/GPIO48 = none
49: op dh pd | hi // EN_MAX_USB_CUR/GPIO49 = output
50: no    pd | -- // GPIO50 = none
51: no    pd | -- // GPIO51 = none
52: no    pu | -- // GPIO52 = none
53: no    pu | hi // GPIO53 = none
100: ip    pd | lo // GPIO0 = input
101: op dh pu | hi // 2712_BOOT_CS_N/GPIO1 = output
102: a6    pn | hi // 2712_BOOT_MISO/GPIO2 = VC_SPI0_MISO
103: a5    pn | hi // 2712_BOOT_MOSI/GPIO3 = VC_SPI0_MOSI
104: a6    pn | lo // 2712_BOOT_SCLK/GPIO4 = VC_SPI0_SCLK
105: ip    pd | lo // GPIO5 = input
106: ip    pd | lo // GPIO6 = input
107: ip    pd | lo // GPIO7 = input
108: ip    pd | lo // GPIO8 = input
109: ip    pd | lo // GPIO9 = input
110: ip    pd | lo // GPIO10 = input
111: ip    pd | lo // GPIO11 = input
112: ip    pd | lo // GPIO12 = input
113: ip    pd | lo // GPIO13 = input
114: a1    pd | hi // PCIE_SDA/GPIO14 = SPI_S_MOSI_OR_BSC_S_SDA
115: a1    pd | hi // PCIE_SCL/GPIO15 = SPI_S_SCK_OR_BSC_S_SCL
116: ip    pd | lo // GPIO16 = input
117: ip    pd | lo // GPIO17 = input
118: ip    pd | lo // GPIO18 = input
119: ip    pd | lo // GPIO19 = input
120: ip    pu | hi // PWR_GPIO/GPIO20 = input
121: ip    pd | lo // 2712_G21_FS/GPIO21 = input
122: ip    pd | lo // GPIO22 = input
123: ip    pd | lo // GPIO23 = input
124: a3    pn | lo // BT_RTS/GPIO24 = UART_RTS_0
125: a4    pu | lo // BT_CTS/GPIO25 = UART_CTS_0
126: a4    pn | hi // BT_TXD/GPIO26 = UART_TXD_0
127: a4    pu | hi // BT_RXD/GPIO27 = UART_RXD_0
128: op dh pd | hi // WL_ON/GPIO28 = output
129: op dh pd | hi // BT_ON/GPIO29 = output
130: a4    pn | lo // WIFI_SDIO_CLK/GPIO30 = SD2_CLK
131: a4    pu | hi // WIFI_SDIO_CMD/GPIO31 = SD2_CMD
132: a4    pu | hi // WIFI_SDIO_D0/GPIO32 = SD2_DAT0
133: a3    pu | hi // WIFI_SDIO_D1/GPIO33 = SD2_DAT1
134: a4    pu | hi // WIFI_SDIO_D2/GPIO34 = SD2_DAT2
135: a3    pu | hi // WIFI_SDIO_D3/GPIO35 = SD2_DAT3
200: a6    pd | hi // RP1_SDA/AON_GPIO0 = VC_SDA0
201: a7    pd | hi // RP1_SCL/AON_GPIO1 = VC_SCL0
202: op dh pd | hi // RP1_RUN/AON_GPIO2 = output
203: op dl pd | lo // SD_IOVDD_SEL/AON_GPIO3 = output
204: op dl pd | lo // SD_PWR_ON/AON_GPIO4 = output
205: a6    pu | hi // SD_CDET_N/AON_GPIO5 = SD_CARD_PRES_G
206: ip    pu | hi // SD_FLG_N/AON_GPIO6 = input
207: ip    pd | lo // AON_GPIO7 = input
208: ip    pd | lo // 2712_WAKE/AON_GPIO8 = input
209: op dh pd | hi // 2712_STAT_LED/AON_GPIO9 = output
210: ip    pd | lo // AON_GPIO10 = input
211: ip    pd | lo // AON_GPIO11 = input
212: ip    pd | lo // PMIC_INT/AON_GPIO12 = input
213: a3    pu | hi // UART_TX_FS/AON_GPIO13 = VC_TXD0
214: a3    pu | hi // UART_RX_FS/AON_GPIO14 = VC_RXD0
215: ip    pd | lo // AON_GPIO15 = input
216: ip    pu | hi // AON_GPIO16 = input
232: a1    -- | hi // HDMI0_SCL/AON_SGPIO0 = HDMI_TX0_BSC_SCL
233: a1    -- | hi // HDMI0_SDA/AON_SGPIO1 = HDMI_TX0_BSC_SDA
234: a1    -- | hi // HDMI1_SCL/AON_SGPIO2 = HDMI_TX1_BSC_SCL
235: a1    -- | hi // HDMI1_SDA/AON_SGPIO3 = HDMI_TX1_BSC_SDA
236: a2    -- | hi // PMIC_SCL/AON_SGPIO4 = BSC_M2_SCL
237: a2    -- | hi // PMIC_SDA/AON_SGPIO5 = BSC_M2_SDA

vcdbg log messages
------------------

272555.327: *** Restart logging
272745.295: board: boardrev d04170 otp d04170
272757.929: Initial voltage 800000 temp 33433
272958.493: avs_2712: AVS pred 9734 973400 temp 33433
272962.101: vpred 973 mV +0
272966.306: over-voltage idle: 0 avs: 213400 delta: 0 (0x00000000)
273597.990: FB framebuffer_swap 1
273599.860: Select resolution HDMI0/2 hotplug 1 max_mode 2
273606.749: Select resolution HDMI1/2 hotplug 0 max_mode 2
273613.667: FB0 disp 0 max-fb 2 1920x1080 stride 3840 base 0x3f800000
274839.845: initramfs (initramfs_2712) loaded to 0x2de99000 (size 0x11668a9)
274845.537: dtb_file 'bcm2712-rpi-5-b.dtb'
275272.683: dtparam: audio=on
275281.426: Unknown dtparam 'audio' - ignored
275348.037: Loaded overlay 'vc4-kms-v3d-pi5'
275350.975: dtparam: nvme=true
275697.305: Read command line from file 'cmdline.txt':
275703.806: 'console=serial0,115200 console=tty1 root=PARTUUID=28bb9ceb-02 rootfstype=ext4 fsck.repair=yes rootwait cfg80211.ieee80211_regdom=GR usbhid.mousepoll=10'
275923.961: RPM 7363, max RPM 7363
278043.549: Device tree loaded to 0x2de85400 (size 0x13b3e)
278139.163: BSC_A no ACK
278140.395: BSC_A no ACK
278144.320: BSC_A no ACK
278170.266: BSC_B no ACK
278171.492: BSC_B no ACK
278175.427: BSC_B no ACK
278201.221: Starting OS 278201 ms
278206.919: 00000040: -> 00000480
278208.769: 00000030: -> 00100080
278213.481: 00000034: -> 00100080
278218.193: 00000038: -> 00100080
278222.907: 0000003c: -> 00100080
278332.476: sdram: sdram refresh 2081->8324 (1)
316862.860: sdram: sdram refresh 2081->4162 (2)
317893.222: sdram: sdram refresh 2081->8324 (1)
323136.622: sdram: sdram refresh 2081->4162 (2)
324165.604: sdram: sdram refresh 2081->8324 (1)
325192.458: sdram: sdram refresh 2081->4162 (2)
338233.370: initial_turbo of 60 deactivated

dmesg log
---------

[    0.000000] Booting Linux on physical CPU 0x0000000000 [0x414fd0b1]
[    0.000000] Linux version 6.12.62+rpt-rpi-2712 (serge@raspberrypi.com) (aarch64-linux-gnu-gcc-14 (Debian 14.2.0-19) 14.2.0, GNU ld (GNU Binutils for Debian) 2.44) #1 SMP PREEMPT Debian 1:6.12.62-1+rpt1 (2025-12-18)
[    0.000000] KASLR enabled
[    0.000000] random: crng init done
[    0.000000] Machine model: Raspberry Pi 5 Model B Rev 1.0
[    0.000000] efi: UEFI not found.
[    0.000000] Reserved memory: created CMA memory pool at 0x000000003a000000, size 64 MiB
[    0.000000] OF: reserved mem: initialized node linux,cma, compatible id shared-dma-pool
[    0.000000] OF: reserved mem: 0x000000003a000000..0x000000003dffffff (65536 KiB) map reusable linux,cma
[    0.000000] OF: reserved mem: 0x0000000000000000..0x000000000007ffff (512 KiB) nomap non-reusable atf@0
[    0.000000] OF: reserved mem: 0x000000003fd235e0..0x000000003fd2362a (0 KiB) nomap non-reusable nvram@0
[    0.000000] NUMA: Faking a node at [mem 0x0000000000000000-0x00000001ffffffff]
[    0.000000] Faking node 0 at [mem 0x0000000000000000-0x000000003fffffff] (1024MB)
[    0.000000] Faking node 1 at [mem 0x0000000040000000-0x000000007fffffff] (1024MB)
[    0.000000] Faking node 2 at [mem 0x0000000080000000-0x00000000bfffffff] (1024MB)
[    0.000000] Faking node 3 at [mem 0x00000000c0000000-0x00000000ffffffff] (1024MB)
[    0.000000] Faking node 4 at [mem 0x0000000100000000-0x000000013fffffff] (1024MB)
[    0.000000] Faking node 5 at [mem 0x0000000140000000-0x000000017fffffff] (1024MB)
[    0.000000] Faking node 6 at [mem 0x0000000180000000-0x00000001bfffffff] (1024MB)
[    0.000000] Faking node 7 at [mem 0x00000001c0000000-0x00000001ffffffff] (1024MB)
[    0.000000] NUMA: Initialized distance table, cnt=8
[    0.000000] NODE_DATA(0) allocated [mem 0x3f7fd200-0x3f7fffff]
[    0.000000] NODE_DATA(1) allocated [mem 0x7fffd200-0x7fffffff]
[    0.000000] NODE_DATA(2) allocated [mem 0xbfffd200-0xbfffffff]
[    0.000000] NODE_DATA(3) allocated [mem 0xffffd200-0xffffffff]
[    0.000000] NODE_DATA(4) allocated [mem 0x13fffd200-0x13fffffff]
[    0.000000] NODE_DATA(5) allocated [mem 0x17fffd200-0x17fffffff]
[    0.000000] NODE_DATA(6) allocated [mem 0x1bfffd200-0x1bfffffff]
[    0.000000] NODE_DATA(7) allocated [mem 0x1ffb99200-0x1ffb9bfff]
[    0.000000] Zone ranges:
[    0.000000]   DMA      [mem 0x0000000000000000-0x00000000ffffffff]
[    0.000000]   DMA32    empty
[    0.000000]   Normal   [mem 0x0000000100000000-0x00000001ffffffff]
[    0.000000] Movable zone start for each node
[    0.000000] Early memory node ranges
[    0.000000]   node   0: [mem 0x0000000000000000-0x000000000007ffff]
[    0.000000]   node   0: [mem 0x0000000000080000-0x000000003f7fffff]
[    0.000000]   node   1: [mem 0x0000000040000000-0x000000007fffffff]
[    0.000000]   node   2: [mem 0x0000000080000000-0x00000000bfffffff]
[    0.000000]   node   3: [mem 0x00000000c0000000-0x00000000ffffffff]
[    0.000000]   node   4: [mem 0x0000000100000000-0x000000013fffffff]
[    0.000000]   node   5: [mem 0x0000000140000000-0x000000017fffffff]
[    0.000000]   node   6: [mem 0x0000000180000000-0x00000001bfffffff]
[    0.000000]   node   7: [mem 0x00000001c0000000-0x00000001ffffffff]
[    0.000000] Initmem setup node 0 [mem 0x0000000000000000-0x000000003f7fffff]
[    0.000000] Initmem setup node 1 [mem 0x0000000040000000-0x000000007fffffff]
[    0.000000] Initmem setup node 2 [mem 0x0000000080000000-0x00000000bfffffff]
[    0.000000] Initmem setup node 3 [mem 0x00000000c0000000-0x00000000ffffffff]
[    0.000000] Initmem setup node 4 [mem 0x0000000100000000-0x000000013fffffff]
[    0.000000] Initmem setup node 5 [mem 0x0000000140000000-0x000000017fffffff]
[    0.000000] Initmem setup node 6 [mem 0x0000000180000000-0x00000001bfffffff]
[    0.000000] Initmem setup node 7 [mem 0x00000001c0000000-0x00000001ffffffff]
[    0.000000] On node 1, zone DMA: 512 pages in unavailable ranges
[    0.000000] psci: probing for conduit method from DT.
[    0.000000] psci: PSCIv1.1 detected in firmware.
[    0.000000] psci: Using standard PSCI v0.2 function IDs
[    0.000000] psci: MIGRATE_INFO_TYPE not supported.
[    0.000000] psci: SMC Calling Convention v1.2
[    0.000000] percpu: Embedded 15 pages/cpu s193560 r8192 d44008 u245760
[    0.000000] pcpu-alloc: s193560 r8192 d44008 u245760 alloc=15*16384
[    0.000000] pcpu-alloc: [0] 0 [0] 1 [0] 2 [0] 3 
[    0.000000] Detected PIPT I-cache on CPU0
[    0.000000] CPU features: detected: Virtualization Host Extensions
[    0.000000] CPU features: detected: Spectre-v4
[    0.000000] CPU features: detected: Spectre-BHB
[    0.000000] CPU features: kernel page table isolation forced ON by KASLR
[    0.000000] CPU features: detected: Kernel page table isolation (KPTI)
[    0.000000] CPU features: detected: SSBS not fully self-synchronizing
[    0.000000] alternatives: applying boot alternatives
[    0.000000] Kernel command line: reboot=w coherent_pool=1M 8250.nr_uarts=1 pci=pcie_bus_safe cgroup_disable=memory numa_policy=interleave nvme.max_host_mem_size_mb=0  numa=fake=8 system_heap.max_order=0 iommu_dma_numa_policy=interleave smsc95xx.macaddr=m.m.m.m vc_mem.mem_base=0x3fc00000 vc_mem.mem_size=0x40000000  console=ttyAMA10,115200 console=tty1 root=PARTUUID=28bb9ceb-02 rootfstype=ext4 fsck.repair=yes rootwait cfg80211.ieee80211_regdom=GR usbhid.mousepoll=10
[    0.000000] cgroup: Disabling memory control group subsystem
[    0.000000] mempolicy: NUMA default policy overridden to 'interleave:0-7'
[    0.000000] DMA IOMMU NUMA default policy overridden to 'interleave:0-7'
[    0.000000] Fallback order for Node 0: 0 1 2 3 4 5 6 7 
[    0.000000] Fallback order for Node 1: 1 2 3 4 5 6 7 0 
[    0.000000] Fallback order for Node 2: 2 3 4 5 6 7 0 1 
[    0.000000] Fallback order for Node 3: 3 4 5 6 7 0 1 2 
[    0.000000] Fallback order for Node 4: 4 5 6 7 0 1 2 3 
[    0.000000] Fallback order for Node 5: 5 6 7 0 1 2 3 4 
[    0.000000] Fallback order for Node 6: 6 7 0 1 2 3 4 5 
[    0.000000] Fallback order for Node 7: 7 0 1 2 3 4 5 6 
[    0.000000] Built 8 zonelists, mobility grouping on.  Total pages: 523776
[    0.000000] Policy zone: Normal
[    0.000000] mem auto-init: stack:all(zero), heap alloc:off, heap free:off
[    0.000000] software IO TLB: area num 4.
[    0.000000] software IO TLB: mapped [mem 0x00000000fbffc000-0x00000000ffffc000] (64MB)
[    0.000000] SLUB: HWalign=64, Order=0-3, MinObjects=0, CPUs=4, Nodes=8
[    0.000000] ftrace: allocating 45313 entries in 45 pages
[    0.000000] ftrace: allocated 45 pages with 4 groups
[    0.000000] rcu: Preemptible hierarchical RCU implementation.
[    0.000000] rcu: 	RCU event tracing is enabled.
[    0.000000] 	Trampoline variant of Tasks RCU enabled.
[    0.000000] 	Rude variant of Tasks RCU enabled.
[    0.000000] 	Tracing variant of Tasks RCU enabled.
[    0.000000] rcu: RCU calculated value of scheduler-enlistment delay is 25 jiffies.
[    0.000000] RCU Tasks: Setting shift to 2 and lim to 1 rcu_task_cb_adjust=1 rcu_task_cpu_ids=4.
[    0.000000] RCU Tasks Rude: Setting shift to 2 and lim to 1 rcu_task_cb_adjust=1 rcu_task_cpu_ids=4.
[    0.000000] RCU Tasks Trace: Setting shift to 2 and lim to 1 rcu_task_cb_adjust=1 rcu_task_cpu_ids=4.
[    0.000000] NR_IRQS: 64, nr_irqs: 64, preallocated irqs: 0
[    0.000000] Root IRQ handler: gic_handle_irq
[    0.000000] GIC: Using split EOI/Deactivate mode
[    0.000000] rcu: srcu_init: Setting srcu_struct sizes based on contention.
[    0.000000] arch_timer: cp15 timer(s) running at 54.00MHz (phys).
[    0.000000] clocksource: arch_sys_counter: mask: 0xffffffffffffff max_cycles: 0xc743ce346, max_idle_ns: 440795203123 ns
[    0.000000] sched_clock: 56 bits at 54MHz, resolution 18ns, wraps every 4398046511102ns
[    0.000089] Console: colour dummy device 80x25
[    0.000093] printk: legacy console [tty1] enabled
[    0.000298] Calibrating delay loop (skipped), value calculated using timer frequency.. 108.00 BogoMIPS (lpj=216000)
[    0.000305] pid_max: default: 32768 minimum: 301
[    0.000394] LSM: initializing lsm=capability
[    0.001874] Dentry cache hash table entries: 1048576 (order: 9, 8388608 bytes, vmalloc)
[    0.002601] Inode-cache hash table entries: 524288 (order: 8, 4194304 bytes, vmalloc)
[    0.002646] Mount-cache hash table entries: 16384 (order: 3, 131072 bytes, vmalloc)
[    0.002667] Mountpoint-cache hash table entries: 16384 (order: 3, 131072 bytes, vmalloc)
[    0.003359] rcu: Hierarchical SRCU implementation.
[    0.003370] rcu: 	Max phase no-delay instances is 1000.
[    0.003412] Timer migration: 1 hierarchy levels; 8 children per group; 0 crossnode level
[    0.003745] EFI services will not be available.
[    0.003818] smp: Bringing up secondary CPUs ...
[    0.004025] Detected PIPT I-cache on CPU1
[    0.004060] CPU1: Booted secondary processor 0x0000000100 [0x414fd0b1]
[    0.004270] Detected PIPT I-cache on CPU2
[    0.004298] CPU2: Booted secondary processor 0x0000000200 [0x414fd0b1]
[    0.004484] Detected PIPT I-cache on CPU3
[    0.004502] CPU3: Booted secondary processor 0x0000000300 [0x414fd0b1]
[    0.004532] smp: Brought up 8 nodes, 4 CPUs
[    0.004547] SMP: Total of 4 processors activated.
[    0.004550] CPU: All CPU(s) started at EL2
[    0.004552] CPU features: detected: 32-bit EL0 Support
[    0.004556] CPU features: detected: Data cache clean to the PoU not required for I/D coherence
[    0.004560] CPU features: detected: Common not Private translations
[    0.004563] CPU features: detected: CRC32 instructions
[    0.004567] CPU features: detected: RCpc load-acquire (LDAPR)
[    0.004569] CPU features: detected: LSE atomic instructions
[    0.004572] CPU features: detected: Privileged Access Never
[    0.004574] CPU features: detected: RAS Extension Support
[    0.004577] CPU features: detected: Speculative Store Bypassing Safe (SSBS)
[    0.004602] alternatives: applying system-wide alternatives
[    0.006012] CPU features: detected: Hardware dirty bit management on CPU0-3
[    0.006183] Memory: 8140192K/8380416K available (14336K kernel code, 2430K rwdata, 4944K rodata, 2304K init, 647K bss, 148160K reserved, 65536K cma-reserved)
[    0.006351] devtmpfs: initialized
[    0.008227] Enabled cp15_barrier support
[    0.008234] Enabled setend support
[    0.008278] clocksource: jiffies: mask: 0xffffffff max_cycles: 0xffffffff, max_idle_ns: 7645041785100000 ns
[    0.008291] futex hash table entries: 1024 (order: 2, 65536 bytes, vmalloc)
[    0.008408] 2G module region forced by RANDOMIZE_MODULE_REGION_FULL
[    0.008411] 0 pages in range for non-PLT usage
[    0.008412] 129508 pages in range for PLT usage
[    0.008494] pinctrl core: initialized pinctrl subsystem
[    0.008619] DMI not present or invalid.
[    0.011824] NET: Registered PF_NETLINK/PF_ROUTE protocol family
[    0.012198] DMA: preallocated 1024 KiB GFP_KERNEL pool for atomic allocations
[    0.012237] DMA: preallocated 1024 KiB GFP_KERNEL|GFP_DMA pool for atomic allocations
[    0.012268] DMA: preallocated 1024 KiB GFP_KERNEL|GFP_DMA32 pool for atomic allocations
[    0.012285] audit: initializing netlink subsys (disabled)
[    0.012339] audit: type=2000 audit(0.012:1): state=initialized audit_enabled=0 res=1
[    0.012438] thermal_sys: Registered thermal governor 'step_wise'
[    0.012447] cpuidle: using governor menu
[    0.012504] hw-breakpoint: found 6 breakpoint and 4 watchpoint registers.
[    0.012526] ASID allocator initialised with 32768 entries
[    0.012741] Serial: AMBA PL011 UART driver
[    0.013485] /soc@107c000000/interrupt-controller@7fff9000: Fixed dependency cycle(s) with /soc@107c000000/interrupt-controller@7fff9000
[    0.013639] bcm2835-mbox 107c013880.mailbox: mailbox enabled
[    0.013757] 107d001000.serial: ttyAMA10 at MMIO 0x107d001000 (irq = 16, base_baud = 0) is a PL011 AXI
[    0.013769] printk: legacy console [ttyAMA10] enabled
[    1.060800] raspberrypi-firmware soc@107c000000:firmware: Attached to firmware from 2025-12-08T19:29:54, variant start_cd
[    1.075811] raspberrypi-firmware soc@107c000000:firmware: Firmware hash is 2226a85300000000000000000000000000000000
[    1.098798] bcm2835-dma 1000010000.dma: DMA legacy API manager, dmachans=0x1
[    1.106281] iommu: Default domain type: Translated
[    1.111156] iommu: DMA domain TLB invalidation policy: strict mode
[    1.124253] SCSI subsystem initialized
[    1.128048] usbcore: registered new interface driver usbfs
[    1.133560] usbcore: registered new interface driver hub
[    1.138895] usbcore: registered new device driver usb
[    1.144028] pps_core: LinuxPPS API ver. 1 registered
[    1.149012] pps_core: Software ver. 5.3.6 - Copyright 2005-2007 Rodolfo Giometti <giometti@linux.it>
[    1.158185] PTP clock support registered
[    1.162368] vgaarb: loaded
[    1.165169] clocksource: Switched to clocksource arch_sys_counter
[    1.273695] VFS: Disk quotas dquot_6.6.0
[    1.277641] VFS: Dquot-cache hash table entries: 2048 (order 0, 16384 bytes)
[    1.285987] NET: Registered PF_INET protocol family
[    1.291041] IP idents hash table entries: 131072 (order: 6, 1048576 bytes, vmalloc)
[    1.300407] tcp_listen_portaddr_hash hash table entries: 4096 (order: 2, 65536 bytes, vmalloc)
[    1.309119] Table-perturb hash table entries: 65536 (order: 4, 262144 bytes, vmalloc)
[    1.316990] TCP established hash table entries: 65536 (order: 5, 524288 bytes, vmalloc)
[    1.325219] TCP bind hash table entries: 65536 (order: 7, 2097152 bytes, vmalloc)
[    1.333404] TCP: Hash tables configured (established 65536 bind 65536)
[    1.340063] MPTCP token hash table entries: 8192 (order: 4, 196608 bytes, vmalloc)
[    1.347714] UDP hash table entries: 4096 (order: 3, 131072 bytes, vmalloc)
[    1.354678] UDP-Lite hash table entries: 4096 (order: 3, 131072 bytes, vmalloc)
[    1.362115] NET: Registered PF_UNIX/PF_LOCAL protocol family
[    1.367924] RPC: Registered named UNIX socket transport module.
[    1.373868] RPC: Registered udp transport module.
[    1.378586] RPC: Registered tcp transport module.
[    1.383303] RPC: Registered tcp-with-tls transport module.
[    1.388806] RPC: Registered tcp NFSv4.1 backchannel transport module.
[    1.395276] PCI: CLS 0 bytes, default 64
[    1.399286] Trying to unpack rootfs image as initramfs...
[    1.405860] kvm [1]: nv: 554 coarse grained trap handlers
[    1.411386] kvm [1]: IPA Size Limit: 40 bits
[    1.415686] kvm [1]: GICV region size/alignment is unsafe, using trapping (reduced performance)
[    1.424457] kvm [1]: vgic interrupt IRQ9
[    1.428406] kvm [1]: VHE mode initialized successfully
[    1.434040] Initialise system trusted keyrings
[    1.438687] workingset: timestamp_bits=42 max_order=19 bucket_order=0
[    1.445525] NFS: Registering the id_resolver key type
[    1.450609] Key type id_resolver registered
[    1.454807] Key type id_legacy registered
[    1.458855] nfs4filelayout_init: NFSv4 File Layout Driver Registering...
[    1.465586] nfs4flexfilelayout_init: NFSv4 Flexfile Layout Driver Registering...
[    1.473284] Key type asymmetric registered
[    1.477401] Asymmetric key parser 'x509' registered
[    1.482334] Block layer SCSI generic (bsg) driver version 0.4 loaded (major 247)
[    1.489815] io scheduler mq-deadline registered
[    1.494365] io scheduler kyber registered
[    1.498415] io scheduler bfq registered
[    1.502638] irq_brcmstb_l2: registered L2 intc (/soc@107c000000/interrupt-controller@7d510600, parent irq: 27)
[    1.512759] irq_brcmstb_l2: registered L2 intc (/soc@107c000000/interrupt-controller@7c502000, parent irq: 28)
[    1.522853] irq_brcmstb_l2: registered L2 intc (/soc@107c000000/intc@7d508380, parent irq: 29)
[    1.531557] irq_brcmstb_l2: registered L2 intc (/soc@107c000000/intc@7d508400, parent irq: 30)
[    1.540257] irq_brcmstb_l2: registered L2 intc (/soc@107c000000/intc@7d503000, parent irq: 31)
[    1.551165] Freeing initrd memory: 17792K
[    1.555243] ledtrig-cpu: registered to indicate activity on CPUs
[    1.561791] simple-framebuffer 3f800000.framebuffer: framebuffer at 0x3f800000, 0x3f4800 bytes
[    1.570452] simple-framebuffer 3f800000.framebuffer: format=r5g6b5, mode=1920x1080x16, linelength=3840
[    1.580851] Console: switching to colour frame buffer device 240x67
[    1.588101] simple-framebuffer 3f800000.framebuffer: fb0: simplefb registered!
[    1.623801] Serial: 8250/16550 driver, 1 ports, IRQ sharing enabled
[    1.630408] 107d50c000.serial: ttyS0 at MMIO 0x107d50c000 (irq = 33, base_baud = 6000000) is a Broadcom BCM7271 UART
[    1.641025] serial serial0: tty port ttyS0 registered
[    1.646386] iproc-rng200 107d208000.rng: hwrng registered
[    1.651841] vc-mem: phys_addr:0x00000000 mem_base=0x3fc00000 mem_size:0x40000000(1024 MiB)
[    1.660319] bcm2712-iommu-cache 1000005b00.iommuc: bcm2712_iommu_cache_probe
[    1.668668] brd: module loaded
[    1.672577] loop: module loaded
[    1.675824] bcm2835-power bcm2835-power: Broadcom BCM2835 power domains driver
[    1.683189] Loading iSCSI transport class v2.0-870.
[    1.688815] usbcore: registered new interface driver lan78xx
[    1.694513] usbcore: registered new interface driver smsc95xx
[    1.700329] dwc_otg: version 3.00a 10-AUG-2012 (platform bus)
[    1.706116] dwc_otg: FIQ enabled
[    1.706117] dwc_otg: NAK holdoff enabled
[    1.706119] dwc_otg: FIQ split-transaction FSM enabled
[    1.706120] Module dwc_common_port init
[    1.706331] usbcore: registered new interface driver uas
[    1.711673] usbcore: registered new interface driver usb-storage
[    1.717773] mousedev: PS/2 mouse device common for all mice
[    1.730867] rpi-rtc soc@107c000000:rpi_rtc: registered as rtc0
[    1.738104] rpi-rtc soc@107c000000:rpi_rtc: setting system clock to 2026-02-06T13:23:14 UTC (1770384194)
[    1.747919] bcm2835-wdt bcm2835-wdt: Poweroff handler already present!
[    1.754480] bcm2835-wdt bcm2835-wdt: Broadcom BCM2835 watchdog timer
[    1.762851] sdhci: Secure Digital Host Controller Interface driver
[    1.769073] sdhci: Copyright(c) Pierre Ossman
[    1.773484] sdhci-pltfm: SDHCI platform and OF driver helper
[    1.779238] SMCCC: SOC_ID: ARCH_SOC_ID not implemented, skipping ....
[    1.785736] hid: raw HID events driver (C) Jiri Kosina
[    1.790938] usbcore: registered new interface driver usbhid
[    1.796539] usbhid: USB HID core driver
[    1.800680] hw perfevents: enabled with armv8_cortex_a76 PMU driver, 7 (0,8000003f) counters available
[    1.810280] NET: Registered PF_PACKET protocol family
[    1.815380] Key type dns_resolver registered
[    1.823056] registered taskstats version 1
[    1.827235] Loading compiled-in X.509 certificates
[    1.833449] Demotion targets for Node 0: null
[    1.837828] Demotion targets for Node 1: null
[    1.842477] Demotion targets for Node 2: null
[    1.846851] Demotion targets for Node 3: null
[    1.851584] Demotion targets for Node 4: null
[    1.856295] Demotion targets for Node 5: null
[    1.861008] Demotion targets for Node 6: null
[    1.865712] Demotion targets for Node 7: null
[    1.870572] Key type .fscrypt registered
[    1.874834] Key type fscrypt-provisioning registered
[    1.880795] brcm-pcie 1000110000.pcie: host bridge /axi/pcie@1000110000 ranges:
[    1.888596] brcm-pcie 1000110000.pcie:   No bus range found for /axi/pcie@1000110000, using [bus 00-ff]
[    1.898386] brcm-pcie 1000110000.pcie:      MEM 0x1b80000000..0x1bffffffff -> 0x0080000000
[    1.907025] brcm-pcie 1000110000.pcie:      MEM 0x1800000000..0x1b7fffffff -> 0x0400000000
[    1.915664] brcm-pcie 1000110000.pcie:   IB MEM 0x0000000000..0x0fffffffff -> 0x1000000000
[    1.924297] brcm-pcie 1000110000.pcie:   IB MEM 0x1000131000..0x1000131fff -> 0xfffffff000
[    1.934243] brcm-pcie 1000110000.pcie: PCI host bridge to bus 0001:00
[    1.941054] pci_bus 0001:00: root bus resource [bus 00-ff]
[    1.946894] pci_bus 0001:00: root bus resource [mem 0x1b80000000-0x1bffffffff] (bus address [0x80000000-0xffffffff])
[    1.957794] pci_bus 0001:00: root bus resource [mem 0x1800000000-0x1b7fffffff pref] (bus address [0x400000000-0x77fffffff])
[    1.969319] pci 0001:00:00.0: [14e4:2712] type 01 class 0x060400 PCIe Root Port
[    1.976999] pci 0001:00:00.0: PCI bridge to [bus 00]
[    1.982316] pci 0001:00:00.0:   bridge window [mem 0x1b80000000-0x1bbfffffff]
[    1.989827] pci 0001:00:00.0: PME# supported from D0 D3hot
[    1.996235] pci 0001:00:00.0: bridge configuration invalid ([bus 00-00]), reconfiguring
[    2.105177] brcm-pcie 1000110000.pcie: clkreq-mode set to safe
[    2.111359] brcm-pcie 1000110000.pcie: link up, 5.0 GT/s PCIe x1 (!SSC)
[    2.118348] pci 0001:01:00.0: [144d:a809] type 00 class 0x010802 PCIe Endpoint
[    2.125937] pci 0001:01:00.0: BAR 0 [mem 0x00000000-0x00003fff 64bit]
[    2.132856] pci 0001:01:00.0: 4.000 Gb/s available PCIe bandwidth, limited by 5.0 GT/s PCIe x1 link at 0001:00:00.0 (capable of 31.504 Gb/s with 8.0 GT/s PCIe x4 link)
[    2.153181] pci_bus 0001:01: busn_res: [bus 01-ff] end is updated to 01
[    2.160187] pci 0001:00:00.0: bridge window [mem 0x1b80000000-0x1b800fffff]: assigned
[    2.168398] pci 0001:01:00.0: BAR 0 [mem 0x1b80000000-0x1b80003fff 64bit]: assigned
[    2.176443] pci 0001:00:00.0: PCI bridge to [bus 01]
[    2.181770] pci 0001:00:00.0:   bridge window [mem 0x1b80000000-0x1b800fffff]
[    2.189282] pci_bus 0001:00: resource 4 [mem 0x1b80000000-0x1bffffffff]
[    2.196274] pci_bus 0001:00: resource 5 [mem 0x1800000000-0x1b7fffffff pref]
[    2.203702] pci_bus 0001:01: resource 1 [mem 0x1b80000000-0x1b800fffff]
[    2.210686] pci 0001:00:00.0: Max Payload Size set to  256/ 512 (was  128), Max Read Rq  512
[    2.219511] pci 0001:01:00.0: Max Payload Size set to  256/ 256 (was  128), Max Read Rq  512
[    2.228372] pcieport 0001:00:00.0: enabling device (0000 -> 0002)
[    2.234864] pcieport 0001:00:00.0: PME: Signaling with IRQ 38
[    2.241026] pcieport 0001:00:00.0: AER: enabled with IRQ 38
[    2.247072] nvme nvme0: pci function 0001:01:00.0
[    2.252160] nvme 0001:01:00.0: enabling device (0000 -> 0002)
[    2.262072] nvme nvme0: D3 entry latency set to 8 seconds
[    2.281468] hwmon hwmon1: temp1_input not attached to any thermal zone
[    2.288392] hwmon hwmon1: temp2_input not attached to any thermal zone
[    2.295294] nvme nvme0: min host memory (16 MiB) above limit (0 MiB).
[    2.502391] nvme nvme0: 4/0/0 default/read/poll queues
[    2.933296]  nvme0n1: p1 p2
[    2.936608] brcm-pcie 1000120000.pcie: host bridge /axi/pcie@1000120000 ranges:
[    2.944318] brcm-pcie 1000120000.pcie:   No bus range found for /axi/pcie@1000120000, using [bus 00-ff]
[    2.954119] brcm-pcie 1000120000.pcie:      MEM 0x1f00000000..0x1ffffffffb -> 0x0000000000
[    2.962779] brcm-pcie 1000120000.pcie:      MEM 0x1c00000000..0x1effffffff -> 0x0400000000
[    2.971433] brcm-pcie 1000120000.pcie:   IB MEM 0x1f00000000..0x1f003fffff -> 0x0000000000
[    2.980083] brcm-pcie 1000120000.pcie:   IB MEM 0x0000000000..0x0fffffffff -> 0x1000000000
[    2.988724] brcm-pcie 1000120000.pcie:   IB MEM 0x1000130000..0x1000130fff -> 0xfffffff000
[    2.998513] brcm-pcie 1000120000.pcie: PCI host bridge to bus 0002:00
[    3.005322] pci_bus 0002:00: root bus resource [bus 00-ff]
[    3.011178] pci_bus 0002:00: root bus resource [mem 0x1f00000000-0x1ffffffffb] (bus address [0x00000000-0xfffffffb])
[    3.022097] pci_bus 0002:00: root bus resource [mem 0x1c00000000-0x1effffffff pref] (bus address [0x400000000-0x6ffffffff])
[    3.033636] pci 0002:00:00.0: [14e4:2712] type 01 class 0x060400 PCIe Root Port
[    3.041342] pci 0002:00:00.0: PCI bridge to [bus 00]
[    3.046690] pci 0002:00:00.0:   bridge window [mem 0x1f80000000-0x1fbfffffff]
[    3.054232] pci 0002:00:00.0: PME# supported from D0 D3hot
[    3.060680] pci 0002:00:00.0: bridge configuration invalid ([bus 00-00]), reconfiguring
[    3.169179] brcm-pcie 1000120000.pcie: clkreq-mode set to default
[    3.175679] brcm-pcie 1000120000.pcie: link up, 5.0 GT/s PCIe x4 (!SSC)
[    3.182718] pci 0002:01:00.0: [1de4:0001] type 00 class 0x020000 PCIe Endpoint
[    3.190365] pci 0002:01:00.0: BAR 0 [mem 0xffffc000-0xffffffff]
[    3.196695] pci 0002:01:00.0: BAR 1 [mem 0xffc00000-0xffffffff]
[    3.203018] pci 0002:01:00.0: BAR 2 [mem 0xffff0000-0xffffffff]
[    3.209391] pci 0002:01:00.0: supports D1
[    3.213775] pci 0002:01:00.0: PME# supported from D0 D1 D3hot D3cold
[    3.225178] pci_bus 0002:01: busn_res: [bus 01-ff] end is updated to 01
[    3.232202] pci 0002:00:00.0: bridge window [mem 0x1f00000000-0x1f005fffff]: assigned
[    3.240447] pci 0002:01:00.0: BAR 1 [mem 0x1f00000000-0x1f003fffff]: assigned
[    3.247988] pci 0002:01:00.0: BAR 2 [mem 0x1f00400000-0x1f0040ffff]: assigned
[    3.255529] pci 0002:01:00.0: BAR 0 [mem 0x1f00410000-0x1f00413fff]: assigned
[    3.263068] pci 0002:00:00.0: PCI bridge to [bus 01]
[    3.268417] pci 0002:00:00.0:   bridge window [mem 0x1f00000000-0x1f005fffff]
[    3.275941] pci_bus 0002:00: resource 4 [mem 0x1f00000000-0x1ffffffffb]
[    3.282937] pci_bus 0002:00: resource 5 [mem 0x1c00000000-0x1effffffff pref]
[    3.290377] pci_bus 0002:01: resource 1 [mem 0x1f00000000-0x1f005fffff]
[    3.297376] pci 0002:00:00.0: Max Payload Size set to  256/ 512 (was  128), Max Read Rq  512
[    3.306218] pci 0002:01:00.0: Max Payload Size set to  256/ 256 (was  128), Max Read Rq  512
[    3.315095] pcieport 0002:00:00.0: enabling device (0000 -> 0002)
[    3.321625] pcieport 0002:00:00.0: PME: Signaling with IRQ 44
[    3.327815] pcieport 0002:00:00.0: AER: enabled with IRQ 44
[    3.333829] rp1 0002:01:00.0: bar0 len 0x4000, start 0x1f00410000, end 0x1f00413fff, flags, 0x40200
[    3.343269] rp1 0002:01:00.0: bar1 len 0x400000, start 0x1f00000000, end 0x1f003fffff, flags, 0x40200
[    3.352872] rp1 0002:01:00.0: enabling device (0000 -> 0002)
[    3.359513] rp1 0002:01:00.0: chip_id 0x20001927
[    3.368832] bcm2712-iommu 1000005100.iommu: IOVA aperture 0xa00000000..0xb00000000 including DMA offset 0x0
[    3.378986] bcm2712-iommu 1000005100.iommu: bcm2712_iommu_init: DEBUG_INFO = 0x20804774
[    3.387425] bcm2712-iommu 1000005200.iommu: IOVA aperture 0xa00000000..0xa80000000 including DMA offset 0x0
[    3.397588] bcm2712-iommu 1000005200.iommu: bcm2712_iommu_init: DEBUG_INFO = 0x20804774
[    3.406021] bcm2712-iommu 1000005280.iommu: IOVA aperture 0x1a00000000..0x1a80000000 including DMA offset 0x1000000000
[    3.417128] bcm2712-iommu 1000005280.iommu: bcm2712_iommu_init: DEBUG_INFO = 0x20804774
[    3.425842] genirq: irq_chip rp1_irq_chip did not update eff. affinity mask of irq 106
[    3.434323] sdhci-brcmstb 1000fff000.mmc: Got CD GPIO
[    3.434494] mmc1: CQHCI version 5.10
[    3.435113] mmc0: CQHCI version 5.10
[    3.448580] macb 1f00100000.ethernet eth0: Cadence GEM rev 0x00070109 at 0x1f00100000 irq 112 (m.m.m.m)
[    3.459998] dw_axi_dmac_platform 1f00188000.dma: DesignWare AXI DMA Controller, 8 channels
[    3.468879] xhci-hcd xhci-hcd.0: xHCI Host Controller
[    3.474327] xhci-hcd xhci-hcd.0: new USB bus registered, assigned bus number 1
[    3.482366] xhci-hcd xhci-hcd.0: hcc params 0x0240fe6d hci version 0x110 quirks 0x0000808000000810
[    3.491736] xhci-hcd xhci-hcd.0: irq 137, io mem 0x1f00200000
[    3.494961] mmc0: SDHCI controller on 1000fff000.mmc [1000fff000.mmc] using ADMA 64-bit
[    3.497982] xhci-hcd xhci-hcd.0: xHCI Host Controller
[    3.511740] xhci-hcd xhci-hcd.0: new USB bus registered, assigned bus number 2
[    3.519363] xhci-hcd xhci-hcd.0: Host supports USB 3.0 SuperSpeed
[    3.525884] usb usb1: New USB device found, idVendor=1d6b, idProduct=0002, bcdDevice= 6.12
[    3.534550] usb usb1: New USB device strings: Mfr=3, Product=2, SerialNumber=1
[    3.542170] usb usb1: Product: xHCI Host Controller
[    3.547433] usb usb1: Manufacturer: Linux 6.12.62+rpt-rpi-2712 xhci-hcd
[    3.554444] usb usb1: SerialNumber: xhci-hcd.0
[    3.559373] hub 1-0:1.0: USB hub found
[    3.563512] hub 1-0:1.0: 2 ports detected
[    3.568007] usb usb2: New USB device found, idVendor=1d6b, idProduct=0003, bcdDevice= 6.12
[    3.576674] usb usb2: New USB device strings: Mfr=3, Product=2, SerialNumber=1
[    3.584298] usb usb2: Product: xHCI Host Controller
[    3.589610] usb usb2: Manufacturer: Linux 6.12.62+rpt-rpi-2712 xhci-hcd
[    3.596606] usb usb2: SerialNumber: xhci-hcd.0
[    3.601598] hub 2-0:1.0: USB hub found
[    3.605722] hub 2-0:1.0: 1 port detected
[    3.610250] xhci-hcd xhci-hcd.1: xHCI Host Controller
[    3.615774] xhci-hcd xhci-hcd.1: new USB bus registered, assigned bus number 3
[    3.631959] mmc1: SDHCI controller on 1001100000.mmc [1001100000.mmc] using ADMA 64-bit
[    3.643970] xhci-hcd xhci-hcd.1: hcc params 0x0240fe6d hci version 0x110 quirks 0x0000808000000810
[    3.653434] xhci-hcd xhci-hcd.1: irq 142, io mem 0x1f00300000
[    3.659622] xhci-hcd xhci-hcd.1: xHCI Host Controller
[    3.665047] xhci-hcd xhci-hcd.1: new USB bus registered, assigned bus number 4
[    3.669726] mmc1: new ultra high speed DDR50 SDIO card at address 0001
[    3.672782] xhci-hcd xhci-hcd.1: Host supports USB 3.0 SuperSpeed
[    3.686205] usb usb3: New USB device found, idVendor=1d6b, idProduct=0002, bcdDevice= 6.12
[    3.694873] usb usb3: New USB device strings: Mfr=3, Product=2, SerialNumber=1
[    3.702588] usb usb3: Product: xHCI Host Controller
[    3.707847] usb usb3: Manufacturer: Linux 6.12.62+rpt-rpi-2712 xhci-hcd
[    3.714966] usb usb3: SerialNumber: xhci-hcd.1
[    3.719868] hub 3-0:1.0: USB hub found
[    3.724007] hub 3-0:1.0: 2 ports detected
[    3.728570] usb usb4: New USB device found, idVendor=1d6b, idProduct=0003, bcdDevice= 6.12
[    3.737334] usb usb4: New USB device strings: Mfr=3, Product=2, SerialNumber=1
[    3.744949] usb usb4: Product: xHCI Host Controller
[    3.750311] usb usb4: Manufacturer: Linux 6.12.62+rpt-rpi-2712 xhci-hcd
[    3.757318] usb usb4: SerialNumber: xhci-hcd.1
[    3.762289] hub 4-0:1.0: USB hub found
[    3.766419] hub 4-0:1.0: 1 port detected
[    3.772632] of_cfs_init
[    3.775482] of_cfs_init: OK
[    3.778715] clk: Disabling unused clocks
[    3.792426] PM: genpd: Disabling unused power domains
[    3.798956] Freeing unused kernel memory: 2304K
[    3.803924] Run /init as init process
[    3.807931]   with arguments:
[    3.807932]     /init
[    3.807933]   with environment:
[    3.807934]     HOME=/
[    3.807936]     TERM=linux
[    3.957803] v3d 1002000000.v3d: [drm] Transparent Hugepage support is recommended for optimal performance on this platform!
[    3.969852] [drm] Initialized v3d 1.0.0 for 1002000000.v3d on minor 0
[    3.981202] usb 3-2: new full-speed USB device number 2 using xhci-hcd
[    3.989779] vc4_hvs 107c580000.hvs: bcm2712_iommu_of_xlate: MMU 1000005200.iommu
[    3.997569] vc4_hvs 107c580000.hvs: bcm2712_iommu_probe_device: MMU 1000005200.iommu
[    4.005685] vc4_hvs 107c580000.hvs: bcm2712_iommu_device_group: MMU 1000005200.iommu
[    4.013801] vc4_hvs 107c580000.hvs: Adding to iommu group 1
[    4.019721] vc4_hvs 107c580000.hvs: bcm2712_iommu_attach_dev: MMU 1000005200.iommu
[    4.028427] vc4-drm axi:gpu: bcm2712_iommu_of_xlate: MMU 1000005200.iommu
[    4.035616] vc4-drm axi:gpu: bcm2712_iommu_probe_device: MMU 1000005200.iommu
[    4.043137] vc4-drm axi:gpu: bcm2712_iommu_device_group: MMU 1000005200.iommu
[    4.050616] vc4-drm axi:gpu: Adding to iommu group 1
[    4.055907] vc4-drm axi:gpu: bcm2712_iommu_attach_dev: MMU 1000005200.iommu
[    4.063660] Console: switching to colour dummy device 80x25
[    4.071186] vc4-drm axi:gpu: bound 107c580000.hvs (ops vc4_hvs_ops [vc4])
[    4.147243] usb 3-2: New USB device found, idVendor=04ca, idProduct=00bd, bcdDevice= 3.14
[    4.155461] usb 3-2: New USB device strings: Mfr=1, Product=2, SerialNumber=0
[    4.162624] usb 3-2: Product: Dell Wireless Device
[    4.167429] usb 3-2: Manufacturer: LITEON
[    4.188414] input: LITEON Dell Wireless Device as /devices/platform/axi/1000120000.pcie/1f00300000.usb/xhci-hcd.1/usb3/3-2/3-2:1.0/0003:04CA:00BD.0001/input/input0
[    4.353240] hid-generic 0003:04CA:00BD.0001: input,hidraw0: USB HID v1.11 Keyboard [LITEON Dell Wireless Device] on usb-xhci-hcd.1-2/input0
[    4.370624] vc4-drm axi:gpu: bound 107c580000.hvs (ops vc4_hvs_ops [vc4])
[    4.382445] input: LITEON Dell Wireless Device Mouse as /devices/platform/axi/1000120000.pcie/1f00300000.usb/xhci-hcd.1/usb3/3-2/3-2:1.1/0003:04CA:00BD.0002/input/input1
[    4.397758] input: LITEON Dell Wireless Device Consumer Control as /devices/platform/axi/1000120000.pcie/1f00300000.usb/xhci-hcd.1/usb3/3-2/3-2:1.1/0003:04CA:00BD.0002/input/input2
[    4.418218] vc4-drm axi:gpu: bound 107c580000.hvs (ops vc4_hvs_ops [vc4])
[    4.469257] hid-generic 0003:04CA:00BD.0002: input,hiddev96,hidraw1: USB HID v1.11 Mouse [LITEON Dell Wireless Device] on usb-xhci-hcd.1-2/input1
[    4.486140] vc4-drm axi:gpu: bound 107c580000.hvs (ops vc4_hvs_ops [vc4])
[    7.450452] EXT4-fs (nvme0n1p2): orphan cleanup on readonly fs
[    7.456834] EXT4-fs (nvme0n1p2): mounted filesystem a1da9e78-365d-4b5d-a702-77ea16918607 ro with ordered data mode. Quota mode: none.
[    7.592380] NET: Registered PF_INET6 protocol family
[    7.597679] Segment Routing with IPv6
[    7.601363] In-situ OAM (IOAM) with IPv6
[    7.617004] systemd[1]: systemd 257.9-1~deb13u1 running in system mode (+PAM +AUDIT +SELINUX +APPARMOR +IMA +IPE +SMACK +SECCOMP +GCRYPT -GNUTLS +OPENSSL +ACL +BLKID +CURL +ELFUTILS +FIDO2 +IDN2 -IDN +IPTC +KMOD +LIBCRYPTSETUP +LIBCRYPTSETUP_PLUGINS +LIBFDISK +PCRE2 +PWQUALITY +P11KIT +QRENCODE +TPM2 +BZIP2 +LZ4 +XZ +ZLIB +ZSTD +BPF_FRAMEWORK +BTF -XKBCOMMON -UTMP +SYSVINIT +LIBARCHIVE)
[    7.652023] systemd[1]: Detected architecture arm64.
[    7.660092] systemd[1]: Hostname set to <raspberrypi>.
[    7.752106] systemd[1]: bpf-restrict-fs: BPF LSM hook not enabled in the kernel, BPF LSM not supported.
[    7.761685] systemd[1]: Using hardware watchdog 'Broadcom BCM2835 Watchdog timer', version 0, device /dev/watchdog0
[    7.772195] systemd[1]: Watchdog running with a hardware timeout of 1min.
[    7.814053] zram_generator::config[251]: zram0: system has too much memory (8058MB), limit is 0MB, ignoring.
[    8.038214] systemd[1]: Queued start job for default target multi-user.target.
[    8.089912] systemd[1]: Created slice system-getty.slice - Slice /system/getty.
[    8.097589] systemd[1]: Created slice system-modprobe.slice - Slice /system/modprobe.
[    8.108341] systemd[1]: Created slice system-rpi\x2dsetup\x2dloop.slice - Slice /system/rpi-setup-loop.
[    8.120633] systemd[1]: Created slice system-serial\x2dgetty.slice - Slice /system/serial-getty.
[    8.132318] systemd[1]: Created slice system-systemd\x2dfsck.slice - Slice /system/systemd-fsck.
[    8.144011] systemd[1]: Created slice system-systemd\x2dzram\x2dsetup.slice - Slice /system/systemd-zram-setup.
[    8.156928] systemd[1]: Created slice user.slice - User and Session Slice.
[    8.166642] systemd[1]: Started systemd-ask-password-wall.path - Forward Password Requests to Wall Directory Watch.
[    8.180085] systemd[1]: Set up automount proc-sys-fs-binfmt_misc.automount - Arbitrary Executable File Formats File System Automount Point.
[    8.195409] systemd[1]: Expecting device dev-disk-by\x2dpartuuid-28bb9ceb\x2d01.device - /dev/disk/by-partuuid/28bb9ceb-01...
[    8.209636] systemd[1]: Expecting device dev-ttyAMA10.device - /dev/ttyAMA10...
[    8.219742] systemd[1]: Expecting device dev-zram0.device - /dev/zram0...
[    8.229476] systemd[1]: Reached target slices.target - Slice Units.
[    8.247005] systemd[1]: Listening on systemd-creds.socket - Credential Encryption/Decryption.
[    8.258488] systemd[1]: Listening on systemd-initctl.socket - initctl Compatibility Named Pipe.
[    8.269959] systemd[1]: systemd-pcrextend.socket - TPM PCR Measurements was skipped because of an unmet condition check (ConditionSecurity=measured-uki).
[    8.286625] systemd[1]: systemd-pcrlock.socket - Make TPM PCR Policy was skipped because of an unmet condition check (ConditionSecurity=measured-uki).
[    8.303079] systemd[1]: Listening on systemd-udevd-control.socket - udev Control Socket.
[    8.314063] systemd[1]: Listening on systemd-udevd-kernel.socket - udev Kernel Socket.
[    8.324948] systemd[1]: dev-hugepages.mount - Huge Pages File System was skipped because of an unmet condition check (ConditionPathExists=/sys/kernel/mm/hugepages).
[    8.343331] systemd[1]: Mounting dev-mqueue.mount - POSIX Message Queue File System...
[    8.373260] (mount)[312]: dev-mqueue.mount: Failed to connect stdout to the journal socket, ignoring: No such file or directory
[    8.373598] systemd[1]: Mounting run-lock.mount - Legacy Locks Directory /run/lock...
[    8.398333] (mount)[313]: run-lock.mount: Failed to connect stdout to the journal socket, ignoring: No such file or directory
[    8.398546] systemd[1]: Mounting sys-kernel-debug.mount - Kernel Debug File System...
[    8.423203] (mount)[314]: sys-kernel-debug.mount: Failed to connect stdout to the journal socket, ignoring: No such file or directory
[    8.423423] systemd[1]: Mounting sys-kernel-tracing.mount - Kernel Trace File System...
[    8.448728] systemd[1]: auth-rpcgss-module.service - Kernel Module supporting RPCSEC_GSS was skipped because of an unmet condition check (ConditionPathExists=/etc/krb5.keytab).
[    8.449024] (mount)[315]: sys-kernel-tracing.mount: Failed to connect stdout to the journal socket, ignoring: No such file or directory
[    8.468054] systemd[1]: Starting keyboard-setup.service - Set the console keyboard layout...
[    8.494068] (setup.sh)[316]: keyboard-setup.service: Failed to connect stdout to the journal socket, ignoring: No such file or directory
[    8.494408] systemd[1]: Starting kmod-static-nodes.service - Create List of Static Device Nodes...
[    8.521136] (kmod)[317]: kmod-static-nodes.service: Failed to connect stdout to the journal socket, ignoring: No such file or directory
[    8.521491] systemd[1]: Starting modprobe@configfs.service - Load Kernel Module configfs...
[    8.547838] (modprobe)[320]: modprobe@configfs.service: Failed to connect stdout to the journal socket, ignoring: No such file or directory
[    8.548119] systemd[1]: Starting modprobe@drm.service - Load Kernel Module drm...
[    8.575662] (modprobe)[322]: modprobe@drm.service: Failed to connect stdout to the journal socket, ignoring: No such file or directory
[    8.576057] systemd[1]: Starting modprobe@efi_pstore.service - Load Kernel Module efi_pstore...
[    8.602263] (modprobe)[324]: modprobe@efi_pstore.service: Failed to connect stdout to the journal socket, ignoring: No such file or directory
[    8.603170] systemd[1]: Starting modprobe@fuse.service - Load Kernel Module fuse...
[    8.628570] (modprobe)[325]: modprobe@fuse.service: Failed to connect stdout to the journal socket, ignoring: No such file or directory
[    8.628926] systemd[1]: Starting modprobe@nvme_fabrics.service - Load Kernel Module nvme_fabrics...
[    8.655679] (modprobe)[327]: modprobe@nvme_fabrics.service: Failed to connect stdout to the journal socket, ignoring: No such file or directory
[    8.656000] fuse: init (API version 7.41)
[    8.677866] systemd[1]: systemd-fsck-root.service - File System Check on Root Device was skipped because of an unmet condition check (ConditionPathExists=!/run/initramfs/fsck-root).
[    8.697021] systemd[1]: systemd-hibernate-clear.service - Clear Stale Hibernate Storage Info was skipped because of an unmet condition check (ConditionPathExists=/sys/firmware/efi/efivars/HibernateLocation-8cf2644b-4b0b-428f-9387-6d876050dc67).
[    8.698373] systemd[1]: Starting systemd-modules-load.service - Load Kernel Modules...
[    8.732396] systemd[1]: systemd-pcrmachine.service - TPM PCR Machine ID Measurement was skipped because of an unmet condition check (ConditionSecurity=measured-uki).
[    8.757333] (les-load)[329]: systemd-modules-load.service: Failed to connect stdout to the journal socket, ignoring: No such file or directory
[    8.757485] systemd[1]: Starting systemd-remount-fs.service - Remount Root and Kernel File Systems...
[    8.785127] systemd[1]: systemd-tpm2-setup-early.service - Early TPM SRK Setup was skipped because of an unmet condition check (ConditionSecurity=measured-uki).
[    8.785575] (mount-fs)[331]: systemd-remount-fs.service: Failed to connect stdout to the journal socket, ignoring: No such file or directory
[    8.803104] systemd[1]: Starting systemd-udev-load-credentials.service - Load udev Rules from Credentials...
[    8.818271] zram: Added device: zram0
[    8.837649] (udevadm)[335]: systemd-udev-load-credentials.service: Failed to connect stdout to the journal socket, ignoring: No such file or directory
[    8.837953] systemd[1]: Starting systemd-udev-trigger.service - Coldplug All udev Devices...
[    8.865035] i2c_dev: i2c /dev entries driver
[    8.873126] (udevadm)[338]: systemd-udev-trigger.service: Failed to connect stdout to the journal socket, ignoring: No such file or directory
[    8.874488] systemd[1]: Mounted dev-mqueue.mount - POSIX Message Queue File System.
[    8.888618] EXT4-fs (nvme0n1p2): re-mounted a1da9e78-365d-4b5d-a702-77ea16918607 r/w.
[    8.910874] systemd[1]: Mounted run-lock.mount - Legacy Locks Directory /run/lock.
[    8.920559] systemd[1]: Mounted sys-kernel-debug.mount - Kernel Debug File System.
[    8.930927] systemd[1]: Mounted sys-kernel-tracing.mount - Kernel Trace File System.
[    8.945237] systemd[1]: Finished keyboard-setup.service - Set the console keyboard layout.
[    8.955715] systemd[1]: Finished kmod-static-nodes.service - Create List of Static Device Nodes.
[    8.967278] systemd[1]: modprobe@configfs.service: Deactivated successfully.
[    8.981192] systemd[1]: Finished modprobe@configfs.service - Load Kernel Module configfs.
[    8.991317] systemd[1]: modprobe@drm.service: Deactivated successfully.
[    9.000539] systemd[1]: Finished modprobe@drm.service - Load Kernel Module drm.
[    9.010912] systemd[1]: modprobe@efi_pstore.service: Deactivated successfully.
[    9.020943] systemd[1]: Finished modprobe@efi_pstore.service - Load Kernel Module efi_pstore.
[    9.032466] systemd[1]: modprobe@fuse.service: Deactivated successfully.
[    9.041983] systemd[1]: Finished modprobe@fuse.service - Load Kernel Module fuse.
[    9.052447] systemd[1]: modprobe@nvme_fabrics.service: Deactivated successfully.
[    9.062628] systemd[1]: Finished modprobe@nvme_fabrics.service - Load Kernel Module nvme_fabrics.
[    9.074528] systemd[1]: Finished systemd-modules-load.service - Load Kernel Modules.
[    9.085178] systemd[1]: Finished systemd-remount-fs.service - Remount Root and Kernel File Systems.
[    9.097240] systemd[1]: Finished systemd-udev-load-credentials.service - Load udev Rules from Credentials.
[    9.110366] systemd[1]: Finished systemd-udev-trigger.service - Coldplug All udev Devices.
[    9.121729] systemd[1]: Mounting sys-fs-fuse-connections.mount - FUSE Control File System...
[    9.153219] (mount)[342]: sys-fs-fuse-connections.mount: Failed to connect stdout to the journal socket, ignoring: No such file or directory
[    9.153327] systemd[1]: Mounting sys-kernel-config.mount - Kernel Configuration File System...
[    9.180158] (mount)[343]: sys-kernel-config.mount: Failed to connect stdout to the journal socket, ignoring: No such file or directory
[    9.180485] systemd[1]: Starting rpi-resize-swap-file.service - rpi-resize-var-swap-service - resize swapfile...
[    9.208272] (wap-file)[344]: rpi-resize-swap-file.service: Failed to connect stdout to the journal socket, ignoring: No such file or directory
[    9.216471] systemd[1]: systemd-hwdb-update.service - Rebuild Hardware Database was skipped because of an unmet condition check (ConditionNeedsUpdate=/etc).
[    9.240624] systemd[1]: systemd-pstore.service - Platform Persistent Storage Archival was skipped because of an unmet condition check (ConditionDirectoryNotEmpty=/sys/fs/pstore).
[    9.260406] systemd[1]: Starting systemd-random-seed.service - Load/Save OS Random Seed...
[    9.271278] (dom-seed)[346]: systemd-random-seed.service: Failed to connect stdout to the journal socket, ignoring: No such file or directory
[    9.272044] systemd[1]: Starting systemd-sysctl.service - Apply Kernel Variables...
[    9.297867] (d-sysctl)[347]: systemd-sysctl.service: Failed to connect stdout to the journal socket, ignoring: No such file or directory
[    9.298463] systemd[1]: Starting systemd-tmpfiles-setup-dev-early.service - Create Static Device Nodes in /dev gracefully...
[    9.327326] systemd[1]: systemd-tpm2-setup.service - TPM SRK Setup was skipped because of an unmet condition check (ConditionSecurity=measured-uki).
[    9.327823] (tmpfiles)[358]: systemd-tmpfiles-setup-dev-early.service: Failed to connect stdout to the journal socket, ignoring: No such file or directory
[    9.344322] systemd[1]: Mounted sys-fs-fuse-connections.mount - FUSE Control File System.
[    9.372254] systemd[1]: Mounted sys-kernel-config.mount - Kernel Configuration File System.
[    9.372461] systemd[1]: rpi-resize-swap-file.service: Deactivated successfully.
[    9.372582] systemd[1]: Finished rpi-resize-swap-file.service - rpi-resize-var-swap-service - resize swapfile.
[    9.372814] systemd[1]: Finished systemd-random-seed.service - Load/Save OS Random Seed.
[    9.376387] systemd[1]: Finished systemd-sysctl.service - Apply Kernel Variables.
[    9.381402] systemd[1]: Starting rpi-setup-loop@var-swap.service - rpi-setup-loop - set up file on loop device...
[    9.382612] systemd[1]: Finished systemd-tmpfiles-setup-dev-early.service - Create Static Device Nodes in /dev gracefully.
[    9.382793] systemd[1]: systemd-sysusers.service - Create System Users was skipped because no trigger condition checks were met.
[    9.405337] (losetup)[371]: rpi-setup-loop@var-swap.service: Failed to connect stdout to the journal socket, ignoring: No such file or directory
[    9.406225] systemd[1]: Starting systemd-timesyncd.service - Network Time Synchronization...
[    9.407126] systemd[1]: Starting systemd-tmpfiles-setup-dev.service - Create Static Device Nodes in /dev...
[    9.408624] loop0: detected capacity change from 0 to 4194304
[    9.412252] (tmpfiles)[373]: systemd-tmpfiles-setup-dev.service: Failed to connect stdout to the journal socket, ignoring: No such file or directory
[    9.415474] (sh)[374]: rpi-setup-loop@var-swap.service: Failed to connect stdout to the journal socket, ignoring: No such file or directory
[    9.420954] systemd[1]: Finished systemd-tmpfiles-setup-dev.service - Create Static Device Nodes in /dev.
[    9.422191] systemd[1]: Starting systemd-udevd.service - Rule-based Manager for Device Events and Files...
[    9.425296] (-symlink)[383]: rpi-setup-loop@var-swap.service: Failed to connect stdout to the journal socket, ignoring: No such file or directory
[    9.428811] (md-udevd)[384]: systemd-udevd.service: Failed to connect stdout to the journal socket, ignoring: No such file or directory
[    9.429393] systemd[1]: Finished rpi-setup-loop@var-swap.service - rpi-setup-loop - set up file on loop device.
[    9.445295] systemd[1]: Started systemd-timesyncd.service - Network Time Synchronization.
[    9.445603] systemd[1]: Reached target time-set.target - System Time Set.
[    9.494248] systemd[1]: Started systemd-udevd.service - Rule-based Manager for Device Events and Files.
[    9.494529] systemd[1]: nvmefc-boot-connections.service - Auto-connect to subsystems on FC-NVME devices found during boot was skipped because of an unmet condition check (ConditionPathExists=/sys/class/fc/fc_udev_device/nvme_discovery).
[    9.494566] systemd[1]: Reached target local-fs-pre.target - Preparation for Local File Systems.
[    9.495800] systemd[1]: Starting plymouth-start.service - Show Plymouth Boot Screen...
[    9.506193] systemd[1]: Found device dev-zram0.device - /dev/zram0.
[    9.525328] (lymouthd)[389]: plymouth-start.service: Failed to connect stdout to the journal socket, ignoring: No such file or directory
[    9.526427] systemd[1]: Starting systemd-zram-setup@zram0.service - Create swap on /dev/zram0...
[    9.538903] (enerator)[412]: systemd-zram-setup@zram0.service: Failed to connect stdout to the journal socket, ignoring: No such file or directory
[    9.540718] zram: setup backing device /dev/disk/by-backingfile/var-swap
[    9.542560] zram0: detected capacity change from 0 to 4194304
[    9.548605] (plymouth)[417]: plymouth-start.service: Failed to connect stdout to the journal socket, ignoring: No such file or directory
[    9.561787] systemd[1]: Started plymouth-start.service - Show Plymouth Boot Screen.
[    9.561961] systemd[1]: systemd-ask-password-console.path - Dispatch Password Requests to Console Directory Watch was skipped because of an unmet condition check (ConditionPathExists=!/run/plymouth/pid).
[    9.562084] systemd[1]: Started systemd-ask-password-plymouth.path - Forward Password Requests to Plymouth Directory Watch.
[    9.565735] (sh)[421]: systemd-zram-setup@zram0.service: Failed to connect stdout to the journal socket, ignoring: No such file or directory
[    9.569262] systemd[1]: Finished systemd-zram-setup@zram0.service - Create swap on /dev/zram0.
[    9.573436] systemd[1]: Activating swap dev-zram0.swap - rpi-swap managed swap device (zram+file)...
[    9.576502] (swapon)[423]: dev-zram0.swap: Failed to connect stdout to the journal socket, ignoring: No such file or directory
[    9.579505] Adding 2097136k swap on /dev/zram0.  Priority:100 extents:1 across:2097136k SS
[    9.580744] systemd[1]: Activated swap dev-zram0.swap - rpi-swap managed swap device (zram+file).
[    9.580917] systemd[1]: Reached target swap.target - Swaps.
[    9.604499] systemd[1]: Found device dev-ttyAMA10.device - /dev/ttyAMA10.
[    9.635447] systemd[1]: Found device dev-disk-by\x2dpartuuid-28bb9ceb\x2d01.device - SAMSUNG MZ9LQ256HBJD-00BVL bootfs.
[    9.636581] systemd[1]: Starting systemd-fsck@dev-disk-by\x2dpartuuid-28bb9ceb\x2d01.service - File System Check on /dev/disk/by-partuuid/28bb9ceb-01...
[    9.649027] vc4-drm axi:gpu: bound 107c580000.hvs (ops vc4_hvs_ops [vc4])
[    9.655262] vc4-drm axi:gpu: bound 107c580000.hvs (ops vc4_hvs_ops [vc4])
[    9.661288] (emd-fsck)[441]: systemd-fsck@dev-disk-by\x2dpartuuid-28bb9ceb\x2d01.service: Failed to connect stdout to the journal socket, ignoring: No such file or directory
[    9.661297] rpi-gpiomem 107d508500.gpiomem: window base 0x107d508500 size 0x00000040
[    9.661359] vc4-drm axi:gpu: bound 107c580000.hvs (ops vc4_hvs_ops [vc4])
[    9.661472] rpi-gpiomem 107d508500.gpiomem: initialised 1 regions as /dev/gpiomem1
[    9.661510] rpi-gpiomem 107d517c00.gpiomem: window base 0x107d517c00 size 0x00000040
[    9.661885] rpi-gpiomem 107d517c00.gpiomem: initialised 1 regions as /dev/gpiomem2
[    9.662269] rpi-gpiomem 107d504100.gpiomem: window base 0x107d504100 size 0x00000020
[    9.669299] vc4-drm axi:gpu: bound 107c580000.hvs (ops vc4_hvs_ops [vc4])
[    9.671919] rpi-gpiomem 107d504100.gpiomem: initialised 1 regions as /dev/gpiomem3
[    9.672561] rp1-firmware rp1_firmware: RP1 Firmware version 23fca1cd776798b50bd3e640ecb242215778e7f8
[    9.672682] rpi-gpiomem 107d510700.gpiomem: window base 0x107d510700 size 0x00000020
[    9.674467] vc4-drm axi:gpu: bound 107c580000.hvs (ops vc4_hvs_ops [vc4])
[    9.678895] vc4-drm axi:gpu: bound 107c580000.hvs (ops vc4_hvs_ops [vc4])
[    9.693298] rp1-pio 1f00178000.pio: Created instance as pio0
[    9.700506] vc4-drm axi:gpu: bound 107c580000.hvs (ops vc4_hvs_ops [vc4])
[    9.704577] rpi-gpiomem 107d510700.gpiomem: initialised 1 regions as /dev/gpiomem4
[    9.704754] mc: Linux media interface: v0.10
[    9.705080] input: pwr_button as /devices/platform/pwr_button/input/input3
[    9.710611] vc4-drm axi:gpu: bound 107c580000.hvs (ops vc4_hvs_ops [vc4])
[    9.713226] systemd[1]: Finished systemd-fsck@dev-disk-by\x2dpartuuid-28bb9ceb\x2d01.service - File System Check on /dev/disk/by-partuuid/28bb9ceb-01.
[    9.719231] rpi-gpiomem 1f000d0000.gpiomem: window base 0x1f000d0000 size 0x00030000
[    9.720746] videodev: Linux video capture interface: v2.00
[    9.722347] vc4-drm axi:gpu: bound 107c580000.hvs (ops vc4_hvs_ops [vc4])
[    9.736288] rpi-hevc-dec 1000800000.codec: bcm2712_iommu_of_xlate: MMU 1000005100.iommu
[    9.736295] rpi-hevc-dec 1000800000.codec: bcm2712_iommu_probe_device: MMU 1000005100.iommu
[    9.736301] rpi-hevc-dec 1000800000.codec: bcm2712_iommu_device_group: MMU 1000005100.iommu
[    9.736306] rpi-hevc-dec 1000800000.codec: Adding to iommu group 0
[    9.736311] rpi-hevc-dec 1000800000.codec: bcm2712_iommu_attach_dev: MMU 1000005100.iommu
[    9.736491] pispbe 1000880000.pisp_be: bcm2712_iommu_of_xlate: MMU 1000005100.iommu
[    9.736496] pispbe 1000880000.pisp_be: bcm2712_iommu_probe_device: MMU 1000005100.iommu
[    9.736502] pispbe 1000880000.pisp_be: bcm2712_iommu_device_group: MMU 1000005100.iommu
[    9.736507] pispbe 1000880000.pisp_be: Adding to iommu group 0
[    9.736509] pispbe 1000880000.pisp_be: bcm2712_iommu_attach_dev: MMU 1000005100.iommu
[    9.749869] rpi-gpiomem 1f000d0000.gpiomem: initialised 1 regions as /dev/gpiomem0
[    9.753816] brcmstb-i2c 107d508200.i2c:  @97500hz registered in interrupt mode
[    9.756435] vc4-drm axi:gpu: bound 107c580000.hvs (ops vc4_hvs_ops [vc4])
[    9.757862] rpi-hevc-dec 1000800000.codec: Device registered as /dev/video19
[    9.766088] brcmstb-i2c 107d508280.i2c:  @97500hz registered in interrupt mode
[    9.774062] Registered IR keymap rc-cec
[    9.775391] rc rc0: vc4-hdmi-0 as /devices/platform/soc@107c000000/107c701400.hdmi/rc/rc0
[    9.777296] cfg80211: Loading compiled-in X.509 certificates for regulatory database
[    9.777596] input: vc4-hdmi-0 as /devices/platform/soc@107c000000/107c701400.hdmi/rc/rc0/input4
[    9.783720] Loaded X.509 cert 'benh@debian.org: 577e021cb980e0e820821ba7b54b4961b8b4fadf'
[    9.783916] Loaded X.509 cert 'romain.perier@gmail.com: 3abbc6ec146e09d1b6016ab9d6cf71dd233f0328'
[    9.784105] Loaded X.509 cert 'sforshee: 00b28ddf47aef9cea7'
[    9.784298] Loaded X.509 cert 'wens: 61c038651aabdcf94bd0ac7ff06c7248db18c600'
[    9.787477] input: vc4-hdmi-0 HDMI Jack as /devices/platform/soc@107c000000/107c701400.hdmi/sound/card0/input5
[    9.820985] vc4-drm axi:gpu: bound 107c701400.hdmi (ops vc4_hdmi_ops [vc4])
[    9.828766] brcmfmac: F1 signature read @0x18000000=0x15264345
[    9.830687] brcmfmac: brcmf_fw_alloc_request: using brcm/brcmfmac43455-sdio for chip BCM4345/6
[    9.832156] Registered IR keymap rc-cec
[    9.832199] rc rc1: vc4-hdmi-1 as /devices/platform/soc@107c000000/107c706400.hdmi/rc/rc1
[    9.832248] input: vc4-hdmi-1 as /devices/platform/soc@107c000000/107c706400.hdmi/rc/rc1/input6
[    9.832445] usbcore: registered new interface driver brcmfmac
[    9.850159] input: vc4-hdmi-1 HDMI Jack as /devices/platform/soc@107c000000/107c706400.hdmi/sound/card1/input7
[    9.851150] vc4-drm axi:gpu: bound 107c706400.hdmi (ops vc4_hdmi_ops [vc4])
[    9.876084] systemd[1]: Mounting boot-firmware.mount - /boot/firmware...
[    9.884435] vc4-drm axi:gpu: bound 107c500000.mop (ops vc4_txp_ops [vc4])
[    9.926567] vc4-drm axi:gpu: bound 107c501000.moplet (ops vc4_txp_ops [vc4])
[    9.928800] vc4-drm axi:gpu: bound 107c410000.pixelvalve (ops vc4_crtc_ops [vc4])
[    9.928896] vc4-drm axi:gpu: bound 107c411000.pixelvalve (ops vc4_crtc_ops [vc4])
[    9.933337] (mount)[554]: boot-firmware.mount: Failed to connect stdout to the journal socket, ignoring: No such file or directory
[    9.933819] systemd[1]: Mounting tmp.mount - Temporary Directory /tmp...
[    9.937513] Bluetooth: Core ver 2.22
[    9.937537] NET: Registered PF_BLUETOOTH protocol family
[    9.937539] Bluetooth: HCI device and connection manager initialized
[    9.937545] Bluetooth: HCI socket layer initialized
[    9.937548] Bluetooth: L2CAP socket layer initialized
[    9.937552] Bluetooth: SCO socket layer initialized
[    9.945344] systemd[1]: Mounted boot-firmware.mount - /boot/firmware.
[    9.946584] (mount)[573]: tmp.mount: Failed to connect stdout to the journal socket, ignoring: No such file or directory
[    9.959127] systemd[1]: Mounted tmp.mount - Temporary Directory /tmp.
[    9.959700] systemd[1]: Reached target local-fs.target - Local File Systems.
[    9.961155] systemd[1]: Listening on systemd-sysext.socket - System Extension Image Management.
[    9.961268] systemd[1]: apparmor.service - Load AppArmor profiles was skipped because of an unmet condition check (ConditionSecurity=apparmor).
[    9.962732] systemd[1]: Starting console-setup.service - Set console font and keymap...
[    9.973754] systemd[1]: Starting plymouth-read-write.service - Tell Plymouth To Write Out Runtime Data...
[    9.974194] (setup.sh)[575]: console-setup.service: Failed to connect stdout to the journal socket, ignoring: No such file or directory
[    9.986556] (plymouth)[576]: plymouth-read-write.service: Failed to connect stdout to the journal socket, ignoring: No such file or directory
[    9.997323] systemd[1]: Starting systemd-binfmt.service - Set Up Additional Binary Formats...
[   10.004504] (d-binfmt)[587]: systemd-binfmt.service: Failed to connect stdout to the journal socket, ignoring: No such file or directory
[   10.009369] brcmfmac: brcmf_c_process_txcap_blob: no txcap_blob available (err=-2)
[   10.009497] [drm] Initialized vc4 0.0.0 for axi:gpu on minor 1
[   10.009643] brcmfmac: brcmf_c_preinit_dcmds: Firmware: BCM4345/6 wl0: Aug 29 2023 01:47:08 version 7.45.265 (28bca26 CY) FWID 01-b677b91b
[   10.013906] Bluetooth: HCI UART driver ver 2.3
[   10.013911] Bluetooth: HCI UART protocol H4 registered
[   10.017417] systemd[1]: Starting systemd-tmpfiles-setup.service - Create System Files and Directories...
[   10.018355] Bluetooth: HCI UART protocol Three-wire (H5) registered
[   10.018591] hci_uart_bcm serial0-0: supply vbat not found, using dummy regulator
[   10.018647] hci_uart_bcm serial0-0: supply vddio not found, using dummy regulator
[   10.018842] systemd[1]: Finished console-setup.service - Set console font and keymap.
[   10.023958] systemd[1]: Finished plymouth-read-write.service - Tell Plymouth To Write Out Runtime Data.
[   10.025123] systemd[1]: Received SIGRTMIN+20 from PID 188 (plymouthd).
[   10.025319] (tmpfiles)[589]: systemd-tmpfiles-setup.service: Failed to connect stdout to the journal socket, ignoring: No such file or directory
[   10.028408] systemd[1]: proc-sys-fs-binfmt_misc.automount: Got automount request for /proc/sys/fs/binfmt_misc, triggered by 587 (systemd-binfmt)
[   10.037897] systemd[1]: Listening on systemd-rfkill.socket - Load/Save RF Kill Switch Status /dev/rfkill Watch.
[   10.038817] systemd[1]: Mounting proc-sys-fs-binfmt_misc.mount - Arbitrary Executable File Formats File System...
[   10.049060] (mount)[600]: proc-sys-fs-binfmt_misc.mount: Failed to connect stdout to the journal socket, ignoring: No such file or directory
[   10.053587] systemd[1]: Starting systemd-rfkill.service - Load/Save RF Kill Switch Status...
[   10.060201] Bluetooth: HCI UART protocol Broadcom registered
[   10.061371] (d-rfkill)[603]: systemd-rfkill.service: Failed to connect stdout to the journal socket, ignoring: No such file or directory
[   10.068968] systemd[1]: Finished systemd-tmpfiles-setup.service - Create System Files and Directories.
[   10.090787] Console: switching to colour frame buffer device 240x67
[   10.108509] vc4-drm axi:gpu: [drm] fb0: vc4drmfb frame buffer device
[   10.111595] systemd[1]: Started systemd-rfkill.service - Load/Save RF Kill Switch Status.
[   10.131321] systemd[1]: systemd-ask-password-console.path - Dispatch Password Requests to Console Directory Watch was skipped because of an unmet condition check (ConditionPathExists=!/run/plymouth/pid).
[   10.131477] systemd[1]: dev-hugepages.mount - Huge Pages File System was skipped because of an unmet condition check (ConditionPathExists=/sys/kernel/mm/hugepages).
[   10.132221] systemd[1]: Mounting run-rpc_pipefs.mount - RPC Pipe File System...
[   10.132306] systemd[1]: apparmor.service - Load AppArmor profiles was skipped because of an unmet condition check (ConditionSecurity=apparmor).
[   10.132376] systemd[1]: ldconfig.service - Rebuild Dynamic Linker Cache was skipped because no trigger condition checks were met.
[   10.133289] systemd[1]: Starting modprobe@efi_pstore.service - Load Kernel Module efi_pstore...
[   10.133438] systemd[1]: systemd-hibernate-clear.service - Clear Stale Hibernate Storage Info was skipped because of an unmet condition check (ConditionPathExists=/sys/firmware/efi/efivars/HibernateLocation-8cf2644b-4b0b-428f-9387-6d876050dc67).
[   10.133588] systemd[1]: systemd-hwdb-update.service - Rebuild Hardware Database was skipped because of an unmet condition check (ConditionNeedsUpdate=/etc).
[   10.133648] systemd[1]: systemd-journal-catalog-update.service - Rebuild Journal Catalog was skipped because of an unmet condition check (ConditionNeedsUpdate=/var).
[   10.133672] systemd[1]: systemd-pcrmachine.service - TPM PCR Machine ID Measurement was skipped because of an unmet condition check (ConditionSecurity=measured-uki).
[   10.133718] systemd[1]: systemd-sysusers.service - Create System Users was skipped because no trigger condition checks were met.
[   10.133736] systemd[1]: systemd-firstboot.service - First Boot Wizard was skipped because of an unmet condition check (ConditionFirstBoot=yes).
[   10.133749] systemd[1]: first-boot-complete.target - First Boot Complete was skipped because of an unmet condition check (ConditionFirstBoot=yes).
[   10.133786] systemd[1]: systemd-machine-id-commit.service - Save Transient machine-id to Disk was skipped because of an unmet condition check (ConditionPathIsMountPoint=/etc/machine-id).
[   10.133799] systemd[1]: systemd-tpm2-setup-early.service - Early TPM SRK Setup was skipped because of an unmet condition check (ConditionSecurity=measured-uki).
[   10.133809] systemd[1]: systemd-tpm2-setup.service - TPM SRK Setup was skipped because of an unmet condition check (ConditionSecurity=measured-uki).
[   10.133864] systemd[1]: systemd-update-done.service - Update is Completed was skipped because no trigger condition checks were met.
[   10.161249] (modprobe)[638]: modprobe@efi_pstore.service: Failed to connect stdout to the journal socket, ignoring: No such file or directory
[   10.161249] (mount)[637]: run-rpc_pipefs.mount: Failed to connect stdout to the journal socket, ignoring: No such file or directory
[   10.163550] systemd[1]: Mounted run-rpc_pipefs.mount - RPC Pipe File System.
[   10.164002] systemd[1]: modprobe@efi_pstore.service: Deactivated successfully.
[   10.164117] systemd[1]: Finished modprobe@efi_pstore.service - Load Kernel Module efi_pstore.
[   10.164330] systemd[1]: Reached target rpc_pipefs.target.
[   10.165077] systemd[1]: Starting nfs-blkmap.service - pNFS block layout mapping daemon...
[   10.165217] systemd[1]: rpc-gssd.service - RPC security service for NFS client and server was skipped because of an unmet condition check (ConditionPathExists=/etc/krb5.keytab).
[   10.165237] systemd[1]: Reached target nfs-client.target - NFS client services.
[   10.165342] systemd[1]: systemd-pstore.service - Platform Persistent Storage Archival was skipped because of an unmet condition check (ConditionDirectoryNotEmpty=/sys/fs/pstore).
[   10.170163] (blkmapd)[641]: nfs-blkmap.service: Failed to connect stdout to the journal socket, ignoring: No such file or directory
[   10.173537] systemd[1]: Started nfs-blkmap.service - pNFS block layout mapping daemon.
[   10.259464] systemd[1]: Mounted proc-sys-fs-binfmt_misc.mount - Arbitrary Executable File Formats File System.
[   10.265511] systemd[1]: Finished systemd-binfmt.service - Set Up Additional Binary Formats.
[   10.265685] systemd[1]: systemd-ask-password-console.path - Dispatch Password Requests to Console Directory Watch was skipped because of an unmet condition check (ConditionPathExists=!/run/plymouth/pid).
[   10.265725] systemd[1]: apparmor.service - Load AppArmor profiles was skipped because of an unmet condition check (ConditionSecurity=apparmor).
[   10.265784] systemd[1]: ldconfig.service - Rebuild Dynamic Linker Cache was skipped because no trigger condition checks were met.
[   10.266654] systemd[1]: Starting modprobe@efi_pstore.service - Load Kernel Module efi_pstore...
[   10.266954] systemd[1]: systemd-hibernate-clear.service - Clear Stale Hibernate Storage Info was skipped because of an unmet condition check (ConditionPathExists=/sys/firmware/efi/efivars/HibernateLocation-8cf2644b-4b0b-428f-9387-6d876050dc67).
[   10.267070] systemd[1]: systemd-hwdb-update.service - Rebuild Hardware Database was skipped because of an unmet condition check (ConditionNeedsUpdate=/etc).
[   10.267123] systemd[1]: systemd-journal-catalog-update.service - Rebuild Journal Catalog was skipped because of an unmet condition check (ConditionNeedsUpdate=/var).
[   10.267146] systemd[1]: systemd-pcrmachine.service - TPM PCR Machine ID Measurement was skipped because of an unmet condition check (ConditionSecurity=measured-uki).
[   10.267202] systemd[1]: systemd-sysusers.service - Create System Users was skipped because no trigger condition checks were met.
[   10.267223] systemd[1]: systemd-firstboot.service - First Boot Wizard was skipped because of an unmet condition check (ConditionFirstBoot=yes).
[   10.267234] systemd[1]: first-boot-complete.target - First Boot Complete was skipped because of an unmet condition check (ConditionFirstBoot=yes).
[   10.267273] systemd[1]: systemd-machine-id-commit.service - Save Transient machine-id to Disk was skipped because of an unmet condition check (ConditionPathIsMountPoint=/etc/machine-id).
[   10.267294] systemd[1]: systemd-tpm2-setup-early.service - Early TPM SRK Setup was skipped because of an unmet condition check (ConditionSecurity=measured-uki).
[   10.267305] systemd[1]: systemd-tpm2-setup.service - TPM SRK Setup was skipped because of an unmet condition check (ConditionSecurity=measured-uki).
[   10.267361] systemd[1]: systemd-update-done.service - Update is Completed was skipped because no trigger condition checks were met.
[   10.293302] (modprobe)[649]: modprobe@efi_pstore.service: Failed to connect stdout to the journal socket, ignoring: No such file or directory
[   10.295508] systemd[1]: modprobe@efi_pstore.service: Deactivated successfully.
[   10.295617] systemd[1]: Finished modprobe@efi_pstore.service - Load Kernel Module efi_pstore.
[   10.295787] systemd[1]: systemd-pstore.service - Platform Persistent Storage Archival was skipped because of an unmet condition check (ConditionDirectoryNotEmpty=/sys/fs/pstore).
[   10.369581] Bluetooth: hci0: BCM: chip id 107
[   10.369781] Bluetooth: hci0: BCM: features 0x2f
[   10.370821] Bluetooth: hci0: BCM4345C0
[   10.370823] Bluetooth: hci0: BCM4345C0 (003.001.025) build 0000
[   10.378702] Bluetooth: hci0: BCM4345C0 'brcm/BCM4345C0.raspberrypi,5-model-b.hcd' Patch
[   10.873684] systemd[1]: dev-hugepages.mount - Huge Pages File System was skipped because of an unmet condition check (ConditionPathExists=/sys/kernel/mm/hugepages).
[   10.873723] systemd[1]: Reached target sysinit.target - System Initialization.
[   10.882042] systemd[1]: Started cups.path - CUPS Scheduler.
[   10.882453] systemd[1]: Started apt-daily.timer - Daily apt download activities.
[   10.882555] systemd[1]: Started apt-daily-upgrade.timer - Daily apt upgrade and clean activities.
[   10.882654] systemd[1]: Started dpkg-db-backup.timer - Daily dpkg database backup timer.
[   10.882741] systemd[1]: Started e2scrub_all.timer - Periodic ext4 Online Metadata Check for All Filesystems.
[   10.882819] systemd[1]: Started fstrim.timer - Discard unused filesystem blocks once a week.
[   10.882859] systemd[1]: Started logrotate.timer - Daily rotation of log files.
[   10.882899] systemd[1]: Started man-db.timer - Daily man-db regeneration.
[   10.882920] systemd[1]: Started rpi-zram-writeback.timer - zram writeback timer.
[   10.882941] systemd[1]: Started systemd-tmpfiles-clean.timer - Daily Cleanup of Temporary Directories.
[   10.882963] systemd[1]: Reached target paths.target - Path Units.
[   10.882984] systemd[1]: Reached target timers.target - Timer Units.
[   10.883088] systemd[1]: Listening on cups.socket - CUPS Scheduler.
[   10.883157] systemd[1]: Listening on dbus.socket - D-Bus System Message Bus Socket.
[   10.884558] systemd[1]: Listening on sshd-unix-local.socket - OpenSSH Server Socket (systemd-ssh-generator, AF_UNIX Local).
[   10.884632] systemd[1]: Listening on systemd-hostnamed.socket - Hostname Service Socket.
[   10.884726] systemd[1]: Listening on uuidd.socket - UUID daemon activation socket.
[   10.884749] systemd[1]: Reached target sockets.target - Socket Units.
[   10.884848] systemd[1]: systemd-pcrphase-sysinit.service - TPM PCR Barrier (Initialization) was skipped because of an unmet condition check (ConditionSecurity=measured-uki).
[   10.884860] systemd[1]: Reached target basic.target - Basic System.
[   10.885008] systemd[1]: System is tainted: unmerged-bin
[   10.885038] systemd[1]: alsa-state.service - Manage Sound Card State (restore and store) was skipped because of an unmet condition check (ConditionPathExists=/etc/alsa/state-daemon.conf).
[   10.885779] systemd[1]: Starting alsa-restore.service - Save/Restore Sound Card State...
[   10.886601] systemd[1]: Too many messages being logged to kmsg, ignoring
[   10.909296] (alsactl)[652]: alsa-restore.service: Failed to connect stdout to the journal socket, ignoring: No such file or directory
[   10.909297] (echanism)[653]: blueman-mechanism.service: Failed to connect stdout to the journal socket, ignoring: No such file or directory
[   10.909385] (uetoothd)[654]: bluetooth.service: Failed to connect stdout to the journal socket, ignoring: No such file or directory
[   10.909395] (s-daemon)[655]: dbus.service: Failed to connect stdout to the journal socket, ignoring: No such file or directory
[   10.910294] (uetoothd)[654]: bluetooth.service: ConfigurationDirectory 'bluetooth' already exists but the mode is different. (File system: 755 ConfigurationDirectoryMode: 555)
[   10.920080] (_test.sh)[658]: glamor-test.service: Failed to connect stdout to the journal socket, ignoring: No such file or directory
[   10.921539] (crub_all)[657]: e2scrub_reap.service: Failed to connect stdout to the journal socket, ignoring: No such file or directory
[   10.942064] (_test.sh)[661]: rp1-test.service: Failed to connect stdout to the journal socket, ignoring: No such file or directory
[   10.942353] (m-update)[665]: rpi-eeprom-update.service: Failed to connect stdout to the journal socket, ignoring: No such file or directory
[   10.954854] (smartd)[666]: smartmontools.service: Failed to connect stdout to the journal socket, ignoring: No such file or directory
[   10.955030] (smartd)[666]: smartmontools.service: Referenced but unset environment variable evaluates to an empty string: smartd_opts
[   10.994753] Bluetooth: BNEP (Ethernet Emulation) ver 1.3
[   10.994761] Bluetooth: BNEP filters: protocol multicast
[   10.994769] Bluetooth: BNEP socket layer initialized
[   11.000903] nvme nvme0: using unchecked data buffer
[   11.021456] (kManager)[693]: NetworkManager.service: Failed to connect stdout to the journal socket, ignoring: No such file or directory
[   11.021474] (pplicant)[697]: wpa_supplicant.service: Failed to connect stdout to the journal socket, ignoring: No such file or directory
[   11.046003] Bluetooth: hci0: BCM: features 0x2f
[   11.047415] Bluetooth: hci0: BCM43455 37.4MHz Raspberry Pi 3+-0190
[   11.047421] Bluetooth: hci0: BCM4345C0 (003.001.025) build 0382
[   11.047760] Bluetooth: hci0: BCM: Using default device address (m.m.m.m)
[   11.076966] Bluetooth: MGMT ver 1.23
[   11.083695] NET: Registered PF_ALG protocol family
[   11.110068] Bluetooth: RFCOMM TTY layer initialized
[   11.110083] Bluetooth: RFCOMM socket layer initialized
[   11.110090] Bluetooth: RFCOMM ver 1.11
[   11.121329] (mManager)[764]: ModemManager.service: Failed to connect stdout to the journal socket, ignoring: No such file or directory
[   11.181345] (spatcher)[790]: NetworkManager-dispatcher.service: Failed to connect stdout to the journal socket, ignoring: No such file or directory
[   11.782703] macb 1f00100000.ethernet eth0: PHY [1f00100000.ethernet-ffffffff:01] driver [Broadcom BCM54213PE] (irq=POLL)
[   11.782711] macb 1f00100000.ethernet eth0: configuring for phy/rgmii-id link mode
[   11.786340] macb 1f00100000.ethernet: gem-ptp-timer ptp clock registered.
[   11.833289] (cupsd)[876]: cups.service: Failed to connect stdout to the journal socket, ignoring: No such file or directory
[   11.833290] (m-online)[875]: NetworkManager-wait-online.service: Failed to connect stdout to the journal socket, ignoring: No such file or directory
[   11.869022] (colord)[881]: colord.service: Failed to connect stdout to the journal socket, ignoring: No such file or directory
[   14.871190] macb 1f00100000.ethernet eth0: Link is Up - 1Gbps/Full - flow control off
[   15.266854] systemd[1]: systemd-rfkill.service: Deactivated successfully.
[   17.103092] systemd[1]: Finished NetworkManager-wait-online.service - Network Manager Wait Online.
[   17.103477] systemd[1]: Reached target network-online.target - Network is Online.
[   17.105285] systemd[1]: Started cups-browsed.service - Make remote CUPS printers available locally.
[   17.107076] systemd[1]: Starting nvmf-autoconnect.service - Connect NVMe-oF subsystems automatically during boot...
[   17.109046] systemd[1]: Starting rpc-statd-notify.service - Notify NFS peers of a restart...
[   17.133277] (nvme)[898]: nvmf-autoconnect.service: Failed to connect stdout to the journal socket, ignoring: No such file or directory
[   17.133278] (m-notify)[899]: rpc-statd-notify.service: Failed to connect stdout to the journal socket, ignoring: No such file or directory
[   17.133278] (-browsed)[897]: cups-browsed.service: Failed to connect stdout to the journal socket, ignoring: No such file or directory
[   17.137635] systemd[1]: Started rpc-statd-notify.service - Notify NFS peers of a restart.
[   17.155273] systemd[1]: nvmf-autoconnect.service: Deactivated successfully.
[   17.155383] systemd[1]: Finished nvmf-autoconnect.service - Connect NVMe-oF subsystems automatically during boot.
[   17.156325] systemd[1]: Reached target remote-fs-pre.target - Preparation for Remote File Systems.
[   17.156440] systemd[1]: Reached target remote-fs.target - Remote File Systems.
[   17.158334] systemd[1]: Started cron.service - Regular background program processing daemon.
[   17.158504] systemd[1]: systemd-pcrphase.service - TPM PCR Barrier (User) was skipped because of an unmet condition check (ConditionSecurity=measured-uki).
[   17.160016] systemd[1]: Starting systemd-user-sessions.service - Permit User Sessions...
[   17.164613] (sessions)[901]: systemd-user-sessions.service: Failed to connect stdout to the journal socket, ignoring: No such file or directory
[   17.164616] (cron)[900]: cron.service: Failed to connect stdout to the journal socket, ignoring: No such file or directory
[   17.169566] systemd[1]: Finished systemd-user-sessions.service - Permit User Sessions.
[   17.171255] systemd[1]: Starting plymouth-quit-wait.service - Hold until boot process finishes up...
[   17.172365] systemd[1]: Starting plymouth-quit.service - Terminate Plymouth Boot Screen...
[   17.177583] (plymouth)[903]: plymouth-quit.service: Failed to connect stdout to the journal socket, ignoring: No such file or directory
[   17.177963] (plymouth)[902]: plymouth-quit-wait.service: Failed to connect stdout to the journal socket, ignoring: No such file or directory
[   17.198613] systemd[1]: Received SIGRTMIN+21 from PID 188 (plymouthd).
[   17.233856] systemd[1]: Finished plymouth-quit-wait.service - Hold until boot process finishes up.
[   17.234269] systemd[1]: Finished plymouth-quit.service - Terminate Plymouth Boot Screen.
[   17.235414] systemd[1]: Started getty@tty1.service - Getty on tty1.
[   17.236773] systemd[1]: Started serial-getty@ttyAMA10.service - Serial Getty on ttyAMA10.
